Archive member included to satisfy reference by file (symbol)

c:/program files (x86)/atmel/studio/7.0/toolchain/avr8/avr8-gnu-toolchain/bin/../lib/gcc/avr/5.4.0/../../../../avr/lib/avr51\libm.a(cmpsf2.o)
                              g_code.o (__ltsf2)
c:/program files (x86)/atmel/studio/7.0/toolchain/avr8/avr8-gnu-toolchain/bin/../lib/gcc/avr/5.4.0/../../../../avr/lib/avr51\libm.a(divsf3.o)
                              g_code.o (__divsf3)
c:/program files (x86)/atmel/studio/7.0/toolchain/avr8/avr8-gnu-toolchain/bin/../lib/gcc/avr/5.4.0/../../../../avr/lib/avr51\libm.a(divsf3x.o)
                              c:/program files (x86)/atmel/studio/7.0/toolchain/avr8/avr8-gnu-toolchain/bin/../lib/gcc/avr/5.4.0/../../../../avr/lib/avr51\libm.a(divsf3.o) (__divsf3x)
c:/program files (x86)/atmel/studio/7.0/toolchain/avr8/avr8-gnu-toolchain/bin/../lib/gcc/avr/5.4.0/../../../../avr/lib/avr51\libm.a(fixsfsi.o)
                              g_code.o (__fixsfsi)
c:/program files (x86)/atmel/studio/7.0/toolchain/avr8/avr8-gnu-toolchain/bin/../lib/gcc/avr/5.4.0/../../../../avr/lib/avr51\libm.a(fixunssfsi.o)
                              c:/program files (x86)/atmel/studio/7.0/toolchain/avr8/avr8-gnu-toolchain/bin/../lib/gcc/avr/5.4.0/../../../../avr/lib/avr51\libm.a(fixsfsi.o) (__fixunssfsi)
c:/program files (x86)/atmel/studio/7.0/toolchain/avr8/avr8-gnu-toolchain/bin/../lib/gcc/avr/5.4.0/../../../../avr/lib/avr51\libm.a(floatsisf.o)
                              hpgl.o (__floatsisf)
c:/program files (x86)/atmel/studio/7.0/toolchain/avr8/avr8-gnu-toolchain/bin/../lib/gcc/avr/5.4.0/../../../../avr/lib/avr51\libm.a(fp_cmp.o)
                              c:/program files (x86)/atmel/studio/7.0/toolchain/avr8/avr8-gnu-toolchain/bin/../lib/gcc/avr/5.4.0/../../../../avr/lib/avr51\libm.a(cmpsf2.o) (__fp_cmp)
c:/program files (x86)/atmel/studio/7.0/toolchain/avr8/avr8-gnu-toolchain/bin/../lib/gcc/avr/5.4.0/../../../../avr/lib/avr51\libm.a(fp_inf.o)
                              c:/program files (x86)/atmel/studio/7.0/toolchain/avr8/avr8-gnu-toolchain/bin/../lib/gcc/avr/5.4.0/../../../../avr/lib/avr51\libm.a(divsf3x.o) (__fp_inf)
c:/program files (x86)/atmel/studio/7.0/toolchain/avr8/avr8-gnu-toolchain/bin/../lib/gcc/avr/5.4.0/../../../../avr/lib/avr51\libm.a(fp_nan.o)
                              c:/program files (x86)/atmel/studio/7.0/toolchain/avr8/avr8-gnu-toolchain/bin/../lib/gcc/avr/5.4.0/../../../../avr/lib/avr51\libm.a(divsf3x.o) (__fp_nan)
c:/program files (x86)/atmel/studio/7.0/toolchain/avr8/avr8-gnu-toolchain/bin/../lib/gcc/avr/5.4.0/../../../../avr/lib/avr51\libm.a(fp_pscA.o)
                              c:/program files (x86)/atmel/studio/7.0/toolchain/avr8/avr8-gnu-toolchain/bin/../lib/gcc/avr/5.4.0/../../../../avr/lib/avr51\libm.a(divsf3x.o) (__fp_pscA)
c:/program files (x86)/atmel/studio/7.0/toolchain/avr8/avr8-gnu-toolchain/bin/../lib/gcc/avr/5.4.0/../../../../avr/lib/avr51\libm.a(fp_pscB.o)
                              c:/program files (x86)/atmel/studio/7.0/toolchain/avr8/avr8-gnu-toolchain/bin/../lib/gcc/avr/5.4.0/../../../../avr/lib/avr51\libm.a(divsf3x.o) (__fp_pscB)
c:/program files (x86)/atmel/studio/7.0/toolchain/avr8/avr8-gnu-toolchain/bin/../lib/gcc/avr/5.4.0/../../../../avr/lib/avr51\libm.a(fp_round.o)
                              c:/program files (x86)/atmel/studio/7.0/toolchain/avr8/avr8-gnu-toolchain/bin/../lib/gcc/avr/5.4.0/../../../../avr/lib/avr51\libm.a(divsf3.o) (__fp_round)
c:/program files (x86)/atmel/studio/7.0/toolchain/avr8/avr8-gnu-toolchain/bin/../lib/gcc/avr/5.4.0/../../../../avr/lib/avr51\libm.a(fp_split3.o)
                              c:/program files (x86)/atmel/studio/7.0/toolchain/avr8/avr8-gnu-toolchain/bin/../lib/gcc/avr/5.4.0/../../../../avr/lib/avr51\libm.a(divsf3x.o) (__fp_split3)
c:/program files (x86)/atmel/studio/7.0/toolchain/avr8/avr8-gnu-toolchain/bin/../lib/gcc/avr/5.4.0/../../../../avr/lib/avr51\libm.a(fp_zero.o)
                              c:/program files (x86)/atmel/studio/7.0/toolchain/avr8/avr8-gnu-toolchain/bin/../lib/gcc/avr/5.4.0/../../../../avr/lib/avr51\libm.a(fixunssfsi.o) (__fp_zero)
c:/program files (x86)/atmel/studio/7.0/toolchain/avr8/avr8-gnu-toolchain/bin/../lib/gcc/avr/5.4.0/../../../../avr/lib/avr51\libm.a(mulsf3.o)
                              g_code.o (__mulsf3)
c:/program files (x86)/atmel/studio/7.0/toolchain/avr8/avr8-gnu-toolchain/bin/../lib/gcc/avr/5.4.0/../../../../avr/lib/avr51\libm.a(mulsf3x.o)
                              c:/program files (x86)/atmel/studio/7.0/toolchain/avr8/avr8-gnu-toolchain/bin/../lib/gcc/avr/5.4.0/../../../../avr/lib/avr51\libm.a(mulsf3.o) (__mulsf3x)
c:/program files (x86)/atmel/studio/7.0/toolchain/avr8/avr8-gnu-toolchain/bin/../lib/gcc/avr/5.4.0/../../../../avr/lib/avr51\libm.a(round.o)
                              hpgl.o (round)
c:/program files (x86)/atmel/studio/7.0/toolchain/avr8/avr8-gnu-toolchain/bin/../lib/gcc/avr/5.4.0/../../../../avr/lib/avr51\libm.a(fp_mintl.o)
[...]
Memory Configuration

Name             Origin             Length             Attributes
text             0x00000000         0x00020000         xr
data             0x00800200         0x00002000         rw !x
eeprom           0x00810000         0x00001000         rw !x
fuse             0x00820000         0x00000003         rw !x
lock             0x00830000         0x00000400         rw !x
signature        0x00840000         0x00000400         rw !x
user_signatures  0x00850000         0x00000400         rw !x
*default*        0x00000000         0xffffffff

Linker script and memory map

Address of section .data set to 0x800200
LOAD C:/Program Files (x86)/Atmel/Studio/7.0/Packs/atmel/ATmega_DFP/1.7.374/gcc/dev/atmega1281/avr51/crtatmega1281.o
LOAD cli.o
LOAD dial.o
LOAD display.o
LOAD display_lcd.o
LOAD display_oled.o
LOAD flash.o
LOAD g_code.o
LOAD hpgl.o
LOAD keypad.o
LOAD main.o
LOAD scale.o
LOAD serial.o
LOAD shvars.o
LOAD spi.o
LOAD stepper.o
LOAD timer.o
LOAD usb.o
START GROUP
LOAD c:/program files (x86)/atmel/studio/7.0/toolchain/avr8/avr8-gnu-toolchain/bin/../lib/gcc/avr/5.4.0/../../../../avr/lib/avr51\libm.a
LOAD C:\Users\curtis\Documents\GitHub\FreeExpression_og\src\m2u8\Debug\libm2u8_6_2.a
END GROUP
START GROUP
LOAD c:/program files (x86)/atmel/studio/7.0/toolchain/avr8/avr8-gnu-toolchain/bin/../lib/gcc/avr/5.4.0/avr51\libgcc.a
LOAD c:/program files (x86)/atmel/studio/7.0/toolchain/avr8/avr8-gnu-toolchain/bin/../lib/gcc/avr/5.4.0/../../../../avr/lib/avr51\libm.a
LOAD c:/program files (x86)/atmel/studio/7.0/toolchain/avr8/avr8-gnu-toolchain/bin/../lib/gcc/avr/5.4.0/../../../../avr/lib/avr51\libc.a
LOAD C:/Program Files (x86)/Atmel/Studio/7.0/Packs/atmel/ATmega_DFP/1.7.374/gcc/dev/atmega1281/avr51\libatmega1281.a
END GROUP
                0x00000000                __TEXT_REGION_ORIGIN__ = DEFINED (__TEXT_REGION_ORIGIN__)?__TEXT_REGION_ORIGIN__:0x0
                [0x00800200]                __DATA_REGION_ORIGIN__ = DEFINED (__DATA_REGION_ORIGIN__)?__DATA_REGION_ORIGIN__:0x800100
                [0x00020000]                __TEXT_REGION_LENGTH__ = DEFINED (__TEXT_REGION_LENGTH__)?__TEXT_REGION_LENGTH__:0x20000
                [0x00002000]                __DATA_REGION_LENGTH__ = DEFINED (__DATA_REGION_LENGTH__)?__DATA_REGION_LENGTH__:0xff00
                [0x00001000]                __EEPROM_REGION_LENGTH__ = DEFINED (__EEPROM_REGION_LENGTH__)?__EEPROM_REGION_LENGTH__:0x10000
                [0x00000003]                __FUSE_REGION_LENGTH__ = DEFINED (__FUSE_REGION_LENGTH__)?__FUSE_REGION_LENGTH__:0x400
                0x00000400                __LOCK_REGION_LENGTH__ = DEFINED (__LOCK_REGION_LENGTH__)?__LOCK_REGION_LENGTH__:0x400
                0x00000400                __SIGNATURE_REGION_LENGTH__ = DEFINED (__SIGNATURE_REGION_LENGTH__)?__SIGNATURE_REGION_LENGTH__:0x400
                0x00000400                __USER_SIGNATURE_REGION_LENGTH__ = DEFINED (__USER_SIGNATURE_REGION_LENGTH__)?__USER_SIGNATURE_REGION_LENGTH__:0x400

.hash
 *(.hash)

.dynsym
 *(.dynsym)

.dynstr
 *(.dynstr)

.gnu.version
 *(.gnu.version)

.gnu.version_d
 *(.gnu.version_d)

.gnu.version_r
 *(.gnu.version_r)

.rel.init
 *(.rel.init)

.rela.init
 *(.rela.init)

.rel.text
 *(.rel.text)
 *(.rel.text.*)
 *(.rel.gnu.linkonce.t*)

.rela.text
 *(.rela.text)
 *(.rela.text.*)
 *(.rela.gnu.linkonce.t*)

.rel.fini
 *(.rel.fini)

.rela.fini
 *(.rela.fini)

.rel.rodata
 *(.rel.rodata)
 *(.rel.rodata.*)
 *(.rel.gnu.linkonce.r*)

.rela.rodata
 *(.rela.rodata)
 *(.rela.rodata.*)
 *(.rela.gnu.linkonce.r*)

.rel.data
 *(.rel.data)
 *(.rel.data.*)
 *(.rel.gnu.linkonce.d*)

.rela.data
 *(.rela.data)
 *(.rela.data.*)
 *(.rela.gnu.linkonce.d*)

.rel.ctors
 *(.rel.ctors)

.rela.ctors
 *(.rela.ctors)

.rel.dtors
 *(.rel.dtors)

.rela.dtors
 *(.rela.dtors)

.rel.got
 *(.rel.got)

.rela.got
 *(.rela.got)

.rel.bss
 *(.rel.bss)

.rela.bss
 *(.rela.bss)

.rel.plt
 *(.rel.plt)

.rela.plt
 *(.rela.plt)

.text           0x00000000     0x4dfa
 *(.vectors)
 .vectors       0x00000000       0xcc C:/Program Files (x86)/Atmel/Studio/7.0/Packs/atmel/ATmega_DFP/1.7.374/gcc/dev/atmega1281/avr51/crtatmega1281.o
                0x00000000                __vector_default
                0x00000000                __vectors
 *(.vectors)
 *(.progmem.gcc*)
 .progmem.gcc_sw_table.gcode_char
                0x000000cc       0x10 g_code.o
 .progmem.gcc_sw_table.hpgl_char
                0x000000dc       0x32 hpgl.o
 .progmem.gcc_sw_table.u8g_com_atmega_sw_spi_fn
                0x0000010e        0xe C:\Users\curtis\Documents\GitHub\FreeExpression_og\src\m2u8\Debug\libm2u8_6_2.a(u8g_com_atmega_sw_spi.o)
                0x0000011c                . = ALIGN (0x2)
                0x0000011c                __trampolines_start = .
 *(.trampolines)
 .trampolines   0x0000011c        0x0 linker stubs
 *(.trampolines*)
                0x0000011c                __trampolines_end = .
 *libprintf_flt.a:*(.progmem.data)
 *libc.a:*(.progmem.data)
 .progmem.data  0x0000011c        0xc c:/program files (x86)/atmel/studio/7.0/toolchain/avr8/avr8-gnu-toolchain/bin/../lib/gcc/avr/5.4.0/../../../../avr/lib/avr51\libc.a(vfscanf_std.o)
 .progmem.data  0x00000128       0x3b c:/program files (x86)/atmel/studio/7.0/toolchain/avr8/avr8-gnu-toolchain/bin/../lib/gcc/avr/5.4.0/../../../../avr/lib/avr51\libc.a(strtod.o)
 *(.progmem*)
 .progmem.data.DF_pagesize
                0x00000163       0x10 flash.o
                0x00000163                DF_pagesize
 .progmem.data.DF_pagebits
                0x00000173        0x8 flash.o
                0x00000173                DF_pagebits
 .progmem.data.__c.2275
                0x0000017b        0x3 hpgl.o
 .progmem.data.__c.2261
                0x0000017e        0x3 hpgl.o
 .progmem.data.__c.2249
                0x00000181        0x3 hpgl.o
 .progmem.data.__c.2113
                0x00000184       0x28 scale.o
 .progmem.data.u8g_avr_port_P
                0x000001ac        0xe C:\Users\curtis\Documents\GitHub\FreeExpression_og\src\m2u8\Debug\libm2u8_6_2.a(u8g_com_io.o)
                0x000001ac                u8g_avr_port_P
 .progmem.data.u8g_avr_ddr_P
                0x000001ba        0xe C:\Users\curtis\Documents\GitHub\FreeExpression_og\src\m2u8\Debug\libm2u8_6_2.a(u8g_com_io.o)
                0x000001ba                u8g_avr_ddr_P
 .progmem.data.u8g_dev_ssd13xx_sleep_off
                0x000001c8        0xb C:\Users\curtis\Documents\GitHub\FreeExpression_og\src\m2u8\Debug\libm2u8_6_2.a(u8g_dev_ssd1325_nhd27oled_gr_new.o)
 .progmem.data.u8g_dev_ssd13xx_sleep_on
                0x000001d3        0x9 C:\Users\curtis\Documents\GitHub\FreeExpression_og\src\m2u8\Debug\libm2u8_6_2.a(u8g_dev_ssd1325_nhd27oled_gr_new.o)
 .progmem.data.u8g_dev_ssd1325_2bit_nhd_27_12864ucy3_prepare_page_seq
                0x000001dc        0xa C:\Users\curtis\Documents\GitHub\FreeExpression_og\src\m2u8\Debug\libm2u8_6_2.a(u8g_dev_ssd1325_nhd27oled_gr_new.o)
 .progmem.data.u8g_dev_ssd1325_2bit_nhd_27_12864ucy3_init_seq
                0x000001e6       0x39 C:\Users\curtis\Documents\GitHub\FreeExpression_og\src\m2u8\Debug\libm2u8_6_2.a(u8g_dev_ssd1325_nhd27oled_gr_new.o)
 .progmem.u8g_font_profont11
                0x0000021f      0xad0 C:\Users\curtis\Documents\GitHub\FreeExpression_og\src\m2u8\Debug\libm2u8_6_2.a(u8g_font_data.o)
                0x0000021f                u8g_font_profont11
                0x00000cf0                . = ALIGN (0x2)
 *fill*         0x00000cef        0x1 
 *(.jumptables)
 *(.jumptables*)
 *(.lowtext)
 *(.lowtext*)
                0x00000cf0                __ctors_start = .
 *(.ctors)
                0x00000cf0                __ctors_end = .
                0x00000cf0                __dtors_start = .
 *(.dtors)
                0x00000cf0                __dtors_end = .
 SORT(*)(.ctors)
 SORT(*)(.dtors)
 *(.init0)
 .init0         0x00000cf0        0x0 C:/Program Files (x86)/Atmel/Studio/7.0/Packs/atmel/ATmega_DFP/1.7.374/gcc/dev/atmega1281/avr51/crtatmega1281.o
                0x00000cf0                __init
 *(.init0)
 *(.init1)
 *(.init1)
 *(.init2)
 .init2         0x00000cf0        0xc C:/Program Files (x86)/Atmel/Studio/7.0/Packs/atmel/ATmega_DFP/1.7.374/gcc/dev/atmega1281/avr51/crtatmega1281.o
 *(.init2)
 *(.init3)
 *(.init3)
 *(.init4)
 .init4         0x00000cfc       0x1a c:/program files (x86)/atmel/studio/7.0/toolchain/avr8/avr8-gnu-toolchain/bin/../lib/gcc/avr/5.4.0/avr51\libgcc.a(_copy_data.o)
                0x00000cfc                __do_copy_data
 .init4         0x00000d16       0x10 c:/program files (x86)/atmel/studio/7.0/toolchain/avr8/avr8-gnu-toolchain/bin/../lib/gcc/avr/5.4.0/avr51\libgcc.a(_clear_bss.o)
                0x00000d16                __do_clear_bss
 *(.init4)
 *(.init5)
 *(.init5)
 *(.init6)
 *(.init6)
 *(.init7)
 *(.init7)
 *(.init8)
 *(.init8)
 *(.init9)
 .init9         0x00000d26        0x6 C:/Program Files (x86)/Atmel/Studio/7.0/Packs/atmel/ATmega_DFP/1.7.374/gcc/dev/atmega1281/avr51/crtatmega1281.o
 *(.init9)
 *(.text)
 .text          0x00000d2c        0x2 C:/Program Files (x86)/Atmel/Studio/7.0/Packs/atmel/ATmega_DFP/1.7.374/gcc/dev/atmega1281/avr51/crtatmega1281.o
                0x00000d2c                __vector_38
                0x00000d2c                __vector_22
                0x00000d2c                __vector_28
                0x00000d2c                __vector_1
                0x00000d2c                __vector_32
                0x00000d2c                __vector_34
                0x00000d2c                __vector_24
                0x00000d2c                __vector_12
                0x00000d2c                __vector_46
                0x00000d2c                __bad_interrupt
                0x00000d2c                __vector_6
                0x00000d2c                __vector_31
                0x00000d2c                __vector_35
                0x00000d2c                __vector_39
                0x00000d2c                __vector_3
                0x00000d2c                __vector_23
                0x00000d2c                __vector_30
                0x00000d2c                __vector_45
                0x00000d2c                __vector_25
                0x00000d2c                __vector_11
                0x00000d2c                __vector_17
                0x00000d2c                __vector_19
                0x00000d2c                __vector_7
                0x00000d2c                __vector_49
                0x00000d2c                __vector_41
                0x00000d2c                __vector_43
                0x00000d2c                __vector_27
                0x00000d2c                __vector_5
                0x00000d2c                __vector_33
                0x00000d2c                __vector_47
                0x00000d2c                __vector_4
                0x00000d2c                __vector_44
                0x00000d2c                __vector_9
                0x00000d2c                __vector_2
                0x00000d2c                __vector_15
                0x00000d2c                __vector_29
                0x00000d2c                __vector_40
                0x00000d2c                __vector_8
                0x00000d2c                __vector_26
                0x00000d2c                __vector_48
                0x00000d2c                __vector_14
                0x00000d2c                __vector_10
                0x00000d2c                __vector_50
                0x00000d2c                __vector_16
                0x00000d2c                __vector_18
                0x00000d2c                __vector_20
                0x00000d2c                __vector_42
                0x00000d2e                . = ALIGN (0x2)
 *(.text.*)
 .text.cli_poll
                0x00000d2e       0xb4 cli.o
                0x00000d2e                cli_poll
 .text.dial_poll
                0x00000de2       0xa2 dial.o
                0x00000de2                dial_poll
 .text.dial_init
                0x00000e84       0x12 dial.o
                0x00000e84                dial_init
 .text.display_init
                0x00000e96        0x2 display.o
                0x00000e96                display_init
 .text.display_puts
                0x00000e98        0x2 display.o
                0x00000e98                display_puts
 .text.display_update
                0x00000e9a        0x2 display.o
                0x00000e9a                display_update
 .text._oled_display_speed
                0x00000e9c       0xb4 display_oled.o
                0x00000e9c                _oled_display_speed
 .text._oled_display_pressure
                0x00000f50       0xb4 display_oled.o
                0x00000f50                _oled_display_pressure
 .text.oled_display_firstpage
                0x00001004        0x8 display_oled.o
                0x00001004                oled_display_firstpage
 .text.oled_display_nextpage
                0x0000100c        0xc display_oled.o
                0x0000100c                oled_display_nextpage
 .text.oled_display_init
                0x00001018       0x8c display_oled.o
                0x00001018                oled_display_init
 .text.oled_display_update
                0x000010a4       0x22 display_oled.o
                0x000010a4                oled_display_update
 .text.oled_display_puts
                0x000010c6        0xc display_oled.o
                0x000010c6                oled_display_puts
 .text.flash_send_byte
                0x000010d2       0x18 flash.o
 .text.flash_read_byte
                0x000010ea       0x16 flash.o
 .text.flash_init
                0x00001100       0x42 flash.o
                0x00001100                flash_init
 .text.is_numeric
                0x00001142       0x22 g_code.o
 .text.gcode_char
                0x00001164      0x274 g_code.o
                0x00001164                gcode_char
 .text.hpgl_init
                0x000013d8        0xc hpgl.o
                0x000013d8                hpgl_init
 .text.hpgl_char
                0x000013e4      0x4f4 hpgl.o
                0x000013e4                hpgl_char
 .text.keypad_write_cols
                0x000018d8       0x1e keypad.o
 .text.keypad_stop_pressed
                0x000018f6        0x8 keypad.o
                0x000018f6                keypad_stop_pressed
 .text.keypad_scan
                0x000018fe       0x96 keypad.o
                0x000018fe                keypad_scan
 .text.keypadSet_Speed_state
                0x00001994        0xe keypad.o
                0x00001994                keypadSet_Speed_state
 .text.keypadSet_Pressure_state
                0x000019a2        0xe keypad.o
                0x000019a2                keypadSet_Pressure_state
 .text._beep    0x000019b0       0x48 keypad.o
                0x000019b0                _beep
 .text.keypad_poll
                0x000019f8      0x19a keypad.o
                0x000019f8                keypad_poll
 .text.keypad_init
                0x00001b92       0x1a keypad.o
                0x00001b92                keypad_init
 .text.setup    0x00001bac       0x24 main.o
                0x00001bac                setup
 .text.startup.main
                0x00001bd0       0x26 main.o
                0x00001bd0                main
 .text.translate_init
                0x00001bf6       0x82 scale.o
                0x00001bf6                translate_init
 .text.translate_scale
                0x00001c78      0x1e6 scale.o
                0x00001c78                translate_scale
 .text.serial_get_rx_buffer_count
                0x00001e5e       0x12 serial.o
                0x00001e5e                serial_get_rx_buffer_count
 .text.serial_init
                0x00001e70       0x2c serial.o
                0x00001e70                serial_init
 .text.serial_write
                0x00001e9c       0x2e serial.o
                0x00001e9c                serial_write
 .text.__vector_37
                0x00001eca       0x84 serial.o
                0x00001eca                __vector_37
 .text.serial_read
                0x00001f4e       0x4e serial.o
                0x00001f4e                serial_read
 .text.__vector_36
                0x00001f9c       0x90 serial.o
                0x00001f9c                __vector_36
 .text.alloc_cmd
                0x0000202c       0x2a stepper.o
 .text.stepper_jogRelative
                0x00002056       0x58 stepper.o
 .text.stepper_set_origin00
                0x000020ae       0x46 stepper.o
                0x000020ae                stepper_set_origin00
 .text.stepper_off
                0x000020f4        0x6 stepper.o
                0x000020f4                stepper_off
 .text.stepper_draw
                0x000020fa       0x56 stepper.o
                0x000020fa                stepper_draw
 .text.stepper_move
                0x00002150       0x5a stepper.o
                0x00002150                stepper_move
 .text.stepper_jog_manual
                0x000021aa       0x80 stepper.o
                0x000021aa                stepper_jog_manual
 .text.stepper_load_paper
                0x0000222a       0x3e stepper.o
                0x0000222a                stepper_load_paper
 .text.stepper_unload_paper
                0x00002268       0x20 stepper.o
                0x00002268                stepper_unload_paper
 .text.pen_up   0x00002288       0x14 stepper.o
                0x00002288                pen_up
 .text.stepper_home
                0x0000229c       0x30 stepper.o
                0x0000229c                stepper_home
 .text.pen_down
                0x000022cc       0x2e stepper.o
                0x000022cc                pen_down
 .text.do_next_command
                0x000022fa      0x18c stepper.o
                0x000022fa                do_next_command
 .text.stepper_tick
                0x00002486      0x1f8 stepper.o
                0x00002486                stepper_tick
 .text.stepper_init
                0x0000267e        0xe stepper.o
                0x0000267e                stepper_init
 .text.__vector_13
                0x0000268c       0x4c timer.o
                0x0000268c                __vector_13
 .text.__vector_21
                0x000026d8       0x4e timer.o
                0x000026d8                __vector_21
 .text.beeper_on
                0x00002726       0x3e timer.o
                0x00002726                beeper_on
 .text.beeper_off
                0x00002764        0x4 timer.o
                0x00002764                beeper_off
 .text.usleep   0x00002768       0x20 timer.o
                0x00002768                usleep
 .text.msleep   0x00002788       0x1a timer.o
                0x00002788                msleep
 .text.timer_get_stepper_speed
                0x000027a2        0xa timer.o
                0x000027a2                timer_get_stepper_speed
 .text.timer_set_stepper_speed
                0x000027ac       0x3e timer.o
                0x000027ac                timer_set_stepper_speed
 .text.timer_get_pen_pressure
                0x000027ea        0xa timer.o
                0x000027ea                timer_get_pen_pressure
 .text.timer_set_pen_pressure
                0x000027f4       0x3c timer.o
                0x000027f4                timer_set_pen_pressure
 .text.timer_init
                0x00002830       0x4a timer.o
                0x00002830                timer_init
 .text.usb_puts
                0x0000287a       0x16 usb.o
                0x0000287a                usb_puts
 .text.usb_getc
                0x00002890        0x2 usb.o
                0x00002890                usb_getc
 .text.usb_init
                0x00002892        0x2 usb.o
                0x00002892                usb_init
 .text.avr-libc.fplib
                0x00002894        0x8 c:/program files (x86)/atmel/studio/7.0/toolchain/avr8/avr8-gnu-toolchain/bin/../lib/gcc/avr/5.4.0/../../../../avr/lib/avr51\libm.a(cmpsf2.o)
                0x00002894                __nesf2
                0x00002894                __eqsf2
                0x00002894                __cmpsf2
                0x00002894                __ltsf2
                0x00002894                __lesf2
 .text.avr-libc.fplib
                0x0000289c        0x4 c:/program files (x86)/atmel/studio/7.0/toolchain/avr8/avr8-gnu-toolchain/bin/../lib/gcc/avr/5.4.0/../../../../avr/lib/avr51\libm.a(divsf3.o)
                0x0000289c                __divsf3
 .text.avr-libc.fplib
                0x000028a0       0xcc c:/program files (x86)/atmel/studio/7.0/toolchain/avr8/avr8-gnu-toolchain/bin/../lib/gcc/avr/5.4.0/../../../../avr/lib/avr51\libm.a(divsf3x.o)
                0x000028b6                __divsf3x
                0x000028ba                __divsf3_pse
 .text.avr-libc.fplib
                0x0000296c        0xa c:/program files (x86)/atmel/studio/7.0/toolchain/avr8/avr8-gnu-toolchain/bin/../lib/gcc/avr/5.4.0/../../../../avr/lib/avr51\libm.a(fixsfsi.o)
                0x0000296c                __fixsfsi
 .text.avr-libc.fplib
                0x00002976       0x58 c:/program files (x86)/atmel/studio/7.0/toolchain/avr8/avr8-gnu-toolchain/bin/../lib/gcc/avr/5.4.0/../../../../avr/lib/avr51\libm.a(fixunssfsi.o)
                0x00002976                __fixunssfsi
 .text.avr-libc.fplib
                0x000029ce       0x7a c:/program files (x86)/atmel/studio/7.0/toolchain/avr8/avr8-gnu-toolchain/bin/../lib/gcc/avr/5.4.0/../../../../avr/lib/avr51\libm.a(floatsisf.o)
                0x000029ce                __floatunsisf
                0x000029d2                __floatsisf
 .text.avr-libc.fplib
                0x00002a48       0x48 c:/program files (x86)/atmel/studio/7.0/toolchain/avr8/avr8-gnu-toolchain/bin/../lib/gcc/avr/5.4.0/../../../../avr/lib/avr51\libm.a(fp_cmp.o)
                0x00002a48                __fp_cmp
 .text.avr-libc.fplib
                0x00002a90        0xc c:/program files (x86)/atmel/studio/7.0/toolchain/avr8/avr8-gnu-toolchain/bin/../lib/gcc/avr/5.4.0/../../../../avr/lib/avr51\libm.a(fp_inf.o)
                0x00002a90                __fp_inf
 .text.avr-libc.fplib
                0x00002a9c        0x6 c:/program files (x86)/atmel/studio/7.0/toolchain/avr8/avr8-gnu-toolchain/bin/../lib/gcc/avr/5.4.0/../../../../avr/lib/avr51\libm.a(fp_nan.o)
                0x00002a9c                __fp_nan
 .text.avr-libc.fplib
                0x00002aa2        0xe c:/program files (x86)/atmel/studio/7.0/toolchain/avr8/avr8-gnu-toolchain/bin/../lib/gcc/avr/5.4.0/../../../../avr/lib/avr51\libm.a(fp_pscA.o)
                0x00002aa2                __fp_pscA
 .text.avr-libc.fplib
                0x00002ab0        0xe c:/program files (x86)/atmel/studio/7.0/toolchain/avr8/avr8-gnu-toolchain/bin/../lib/gcc/avr/5.4.0/../../../../avr/lib/avr51\libm.a(fp_pscB.o)
                0x00002ab0                __fp_pscB
 .text.avr-libc.fplib
                0x00002abe       0x22 c:/program files (x86)/atmel/studio/7.0/toolchain/avr8/avr8-gnu-toolchain/bin/../lib/gcc/avr/5.4.0/../../../../avr/lib/avr51\libm.a(fp_round.o)
                0x00002abe                __fp_round
 .text.avr-libc.fplib
                0x00002ae0       0x44 c:/program files (x86)/atmel/studio/7.0/toolchain/avr8/avr8-gnu-toolchain/bin/../lib/gcc/avr/5.4.0/../../../../avr/lib/avr51\libm.a(fp_split3.o)
                0x00002ae0                __fp_split3
                0x00002af0                __fp_splitA
 .text.avr-libc.fplib
                0x00002b24        0xe c:/program files (x86)/atmel/studio/7.0/toolchain/avr8/avr8-gnu-toolchain/bin/../lib/gcc/avr/5.4.0/../../../../avr/lib/avr51\libm.a(fp_zero.o)
                0x00002b24                __fp_zero
                0x00002b26                __fp_szero
 .text.avr-libc.fplib
                0x00002b32        0x4 c:/program files (x86)/atmel/studio/7.0/toolchain/avr8/avr8-gnu-toolchain/bin/../lib/gcc/avr/5.4.0/../../../../avr/lib/avr51\libm.a(mulsf3.o)
                0x00002b32                __mulsf3
 .text.avr-libc.fplib
                0x00002b36       0xc2 c:/program files (x86)/atmel/studio/7.0/toolchain/avr8/avr8-gnu-toolchain/bin/../lib/gcc/avr/5.4.0/../../../../avr/lib/avr51\libm.a(mulsf3x.o)
                0x00002b4a                __mulsf3x
                0x00002b4e                __mulsf3_pse
 .text.avr-libc.fplib
                0x00002bf8       0x40 c:/program files (x86)/atmel/studio/7.0/toolchain/avr8/avr8-gnu-toolchain/bin/../lib/gcc/avr/5.4.0/../../../../avr/lib/avr51\libm.a(round.o)
                0x00002bf8                round
 .text.avr-libc.fplib
                0x00002c38       0x36 c:/program files (x86)/atmel/studio/7.0/toolchain/avr8/avr8-gnu-toolchain/bin/../lib/gcc/avr/5.4.0/../../../../avr/lib/avr51\libm.a(fp_mintl.o)
                0x00002c38                __fp_mintl
 .text.avr-libc.fplib
                0x00002c6e       0x1c c:/program files (x86)/atmel/studio/7.0/toolchain/avr8/avr8-gnu-toolchain/bin/../lib/gcc/avr/5.4.0/../../../../avr/lib/avr51\libm.a(fp_mpack.o)
                0x00002c6e                __fp_mpack
                0x00002c72                __fp_mpack_finite
 .text.u8g_get_avr_io_ptr
                0x00002c8a       0x2e C:\Users\curtis\Documents\GitHub\FreeExpression_og\src\m2u8\Debug\libm2u8_6_2.a(u8g_com_io.o)
 .text.u8g_Pin  0x00002cb8        0xc C:\Users\curtis\Documents\GitHub\FreeExpression_og\src\m2u8\Debug\libm2u8_6_2.a(u8g_com_io.o)
                0x00002cb8                u8g_Pin
 .text.u8g_SetPinOutput
                0x00002cc4       0x2c C:\Users\curtis\Documents\GitHub\FreeExpression_og\src\m2u8\Debug\libm2u8_6_2.a(u8g_com_io.o)
                0x00002cc4                u8g_SetPinOutput
 .text.u8g_SetPinLevel
                0x00002cf0       0x58 C:\Users\curtis\Documents\GitHub\FreeExpression_og\src\m2u8\Debug\libm2u8_6_2.a(u8g_com_io.o)
                0x00002cf0                u8g_SetPinLevel
 .text.u8g_SetPIOutput
                0x00002d48       0x10 C:\Users\curtis\Documents\GitHub\FreeExpression_og\src\m2u8\Debug\libm2u8_6_2.a(u8g_com_io.o)
                0x00002d48                u8g_SetPIOutput
 .text.u8g_SetPILevel
                0x00002d58       0x12 C:\Users\curtis\Documents\GitHub\FreeExpression_og\src\m2u8\Debug\libm2u8_6_2.a(u8g_com_io.o)
                0x00002d58                u8g_SetPILevel
 .text.u8g_dev_ssd1325_gr_prepare_row
                0x00002d6a       0x50 C:\Users\curtis\Documents\GitHub\FreeExpression_og\src\m2u8\Debug\libm2u8_6_2.a(u8g_dev_ssd1325_nhd27oled_gr_new.o)
 .text.u8g_dev_ssd1325_nhd27oled_2x_gr_fn
                0x00002dba      0x126 C:\Users\curtis\Documents\GitHub\FreeExpression_og\src\m2u8\Debug\libm2u8_6_2.a(u8g_dev_ssd1325_nhd27oled_gr_new.o)
 .text.u8g_font_get_word
                0x00002ee0       0x18 C:\Users\curtis\Documents\GitHub\FreeExpression_og\src\m2u8\Debug\libm2u8_6_2.a(u8g_font.o)
 .text.u8g_font_GetFormat
                0x00002ef8        0x6 C:\Users\curtis\Documents\GitHub\FreeExpression_og\src\m2u8\Debug\libm2u8_6_2.a(u8g_font.o)
 .text.u8g_font_GetFontGlyphStructureSize
                0x00002efe       0x12 C:\Users\curtis\Documents\GitHub\FreeExpression_og\src\m2u8\Debug\libm2u8_6_2.a(u8g_font.o)
 .text.u8g_font_calc_vref_font
                0x00002f10        0x4 C:\Users\curtis\Documents\GitHub\FreeExpression_og\src\m2u8\Debug\libm2u8_6_2.a(u8g_font.o)
                0x00002f10                u8g_font_calc_vref_font
 .text.u8g_font_calc_vref_top
                0x00002f14        0x8 C:\Users\curtis\Documents\GitHub\FreeExpression_og\src\m2u8\Debug\libm2u8_6_2.a(u8g_font.o)
                0x00002f14                u8g_font_calc_vref_top
 .text.u8g_font_GetEncoding65Pos
                0x00002f1c        0x4 C:\Users\curtis\Documents\GitHub\FreeExpression_og\src\m2u8\Debug\libm2u8_6_2.a(u8g_font.o)
                0x00002f1c                u8g_font_GetEncoding65Pos
 .text.u8g_font_GetEncoding97Pos
                0x00002f20        0x4 C:\Users\curtis\Documents\GitHub\FreeExpression_og\src\m2u8\Debug\libm2u8_6_2.a(u8g_font.o)
                0x00002f20                u8g_font_GetEncoding97Pos
 .text.u8g_font_GetFontStartEncoding
                0x00002f24        0x8 C:\Users\curtis\Documents\GitHub\FreeExpression_og\src\m2u8\Debug\libm2u8_6_2.a(u8g_font.o)
                0x00002f24                u8g_font_GetFontStartEncoding
 .text.u8g_font_GetFontEndEncoding
                0x00002f2c        0x8 C:\Users\curtis\Documents\GitHub\FreeExpression_og\src\m2u8\Debug\libm2u8_6_2.a(u8g_font.o)
                0x00002f2c                u8g_font_GetFontEndEncoding
 .text.u8g_GetGlyph
                0x00002f34      0x19e C:\Users\curtis\Documents\GitHub\FreeExpression_og\src\m2u8\Debug\libm2u8_6_2.a(u8g_font.o)
                0x00002f34                u8g_GetGlyph
 .text.u8g_draw_glyph
                0x000030d2       0xb8 C:\Users\curtis\Documents\GitHub\FreeExpression_og\src\m2u8\Debug\libm2u8_6_2.a(u8g_font.o)
                0x000030d2                u8g_draw_glyph
 .text.u8g_DrawStr
                0x0000318a       0x56 C:\Users\curtis\Documents\GitHub\FreeExpression_og\src\m2u8\Debug\libm2u8_6_2.a(u8g_font.o)
                0x0000318a                u8g_DrawStr
 .text.u8g_UpdateRefHeight
                0x000031e0       0x92 C:\Users\curtis\Documents\GitHub\FreeExpression_og\src\m2u8\Debug\libm2u8_6_2.a(u8g_font.o)
                0x000031e0                u8g_UpdateRefHeight
 .text.u8g_SetFontRefHeightExtendedText
                0x00003272        0x8 C:\Users\curtis\Documents\GitHub\FreeExpression_og\src\m2u8\Debug\libm2u8_6_2.a(u8g_font.o)
                0x00003272                u8g_SetFontRefHeightExtendedText
 .text.u8g_SetFontPosBaseline
                0x0000327a        0xc C:\Users\curtis\Documents\GitHub\FreeExpression_og\src\m2u8\Debug\libm2u8_6_2.a(u8g_font.o)
                0x0000327a                u8g_SetFontPosBaseline
 .text.u8g_SetFontPosTop
                0x00003286        0xc C:\Users\curtis\Documents\GitHub\FreeExpression_og\src\m2u8\Debug\libm2u8_6_2.a(u8g_font.o)
                0x00003286                u8g_SetFontPosTop
 .text.u8g_SetFont
                0x00003292       0x26 C:\Users\curtis\Documents\GitHub\FreeExpression_og\src\m2u8\Debug\libm2u8_6_2.a(u8g_font.o)
                0x00003292                u8g_SetFont
 .text.u8g_init_data
                0x000032b8       0x54 C:\Users\curtis\Documents\GitHub\FreeExpression_og\src\m2u8\Debug\libm2u8_6_2.a(u8g_ll_api.o)
 .text.u8g_call_dev_fn
                0x0000330c        0x8 C:\Users\curtis\Documents\GitHub\FreeExpression_og\src\m2u8\Debug\libm2u8_6_2.a(u8g_ll_api.o)
                0x0000330c                u8g_call_dev_fn
 .text.u8g_InitLL
                0x00003314       0x3e C:\Users\curtis\Documents\GitHub\FreeExpression_og\src\m2u8\Debug\libm2u8_6_2.a(u8g_ll_api.o)
                0x00003314                u8g_InitLL
 .text.u8g_FirstPageLL
                0x00003352       0x46 C:\Users\curtis\Documents\GitHub\FreeExpression_og\src\m2u8\Debug\libm2u8_6_2.a(u8g_ll_api.o)
                0x00003352                u8g_FirstPageLL
 .text.u8g_NextPageLL
                0x00003398       0x54 C:\Users\curtis\Documents\GitHub\FreeExpression_og\src\m2u8\Debug\libm2u8_6_2.a(u8g_ll_api.o)
                0x00003398                u8g_NextPageLL
 .text.u8g_GetWidthLL
                0x000033ec       0x1e C:\Users\curtis\Documents\GitHub\FreeExpression_og\src\m2u8\Debug\libm2u8_6_2.a(u8g_ll_api.o)
                0x000033ec                u8g_GetWidthLL
 .text.u8g_GetHeightLL
                0x0000340a       0x1e C:\Users\curtis\Documents\GitHub\FreeExpression_og\src\m2u8\Debug\libm2u8_6_2.a(u8g_ll_api.o)
                0x0000340a                u8g_GetHeightLL
 .text.u8g_GetModeLL
                0x00003428        0x8 C:\Users\curtis\Documents\GitHub\FreeExpression_og\src\m2u8\Debug\libm2u8_6_2.a(u8g_ll_api.o)
                0x00003428                u8g_GetModeLL
 .text.u8g_UpdateDimension
                0x00003430       0x36 C:\Users\curtis\Documents\GitHub\FreeExpression_og\src\m2u8\Debug\libm2u8_6_2.a(u8g_ll_api.o)
                0x00003430                u8g_UpdateDimension
 .text.u8g_Begin
                0x00003466       0x1c C:\Users\curtis\Documents\GitHub\FreeExpression_og\src\m2u8\Debug\libm2u8_6_2.a(u8g_ll_api.o)
                0x00003466                u8g_Begin
 .text.u8g_InitSPI
                0x00003482       0x40 C:\Users\curtis\Documents\GitHub\FreeExpression_og\src\m2u8\Debug\libm2u8_6_2.a(u8g_ll_api.o)
                0x00003482                u8g_InitSPI
 .text.u8g_FirstPage
                0x000034c2        0x8 C:\Users\curtis\Documents\GitHub\FreeExpression_og\src\m2u8\Debug\libm2u8_6_2.a(u8g_ll_api.o)
                0x000034c2                u8g_FirstPage
 .text.u8g_NextPage
                0x000034ca       0x1c C:\Users\curtis\Documents\GitHub\FreeExpression_og\src\m2u8\Debug\libm2u8_6_2.a(u8g_ll_api.o)
                0x000034ca                u8g_NextPage
 .text.u8g_Draw8Pixel
                0x000034e6       0x20 C:\Users\curtis\Documents\GitHub\FreeExpression_og\src\m2u8\Debug\libm2u8_6_2.a(u8g_ll_api.o)
                0x000034e6                u8g_Draw8Pixel
 .text.u8g_SetColorIndex
                0x00003506        0x6 C:\Users\curtis\Documents\GitHub\FreeExpression_og\src\m2u8\Debug\libm2u8_6_2.a(u8g_ll_api.o)
                0x00003506                u8g_SetColorIndex
 .text.u8g_GetDefaultForegroundColor
                0x0000350c       0x18 C:\Users\curtis\Documents\GitHub\FreeExpression_og\src\m2u8\Debug\libm2u8_6_2.a(u8g_ll_api.o)
                0x0000350c                u8g_GetDefaultForegroundColor
 .text.u8g_SetDefaultForegroundColor
                0x00003524       0x22 C:\Users\curtis\Documents\GitHub\FreeExpression_og\src\m2u8\Debug\libm2u8_6_2.a(u8g_ll_api.o)
                0x00003524                u8g_SetDefaultForegroundColor
 .text.u8g_pb16h2_set_pixel
                0x00003546       0x7e C:\Users\curtis\Documents\GitHub\FreeExpression_og\src\m2u8\Debug\libm2u8_6_2.a(u8g_pb16h2.o)
 .text.u8g_pb16h2_Clear
                0x000035c4       0x24 C:\Users\curtis\Documents\GitHub\FreeExpression_og\src\m2u8\Debug\libm2u8_6_2.a(u8g_pb16h2.o)
                0x000035c4                u8g_pb16h2_Clear
 .text.u8g_pb16h2_SetPixel
                0x000035e8       0x30 C:\Users\curtis\Documents\GitHub\FreeExpression_og\src\m2u8\Debug\libm2u8_6_2.a(u8g_pb16h2.o)
                0x000035e8                u8g_pb16h2_SetPixel
 .text.u8g_pb16h2_Set8PixelStd
                0x00003618       0x58 C:\Users\curtis\Documents\GitHub\FreeExpression_og\src\m2u8\Debug\libm2u8_6_2.a(u8g_pb16h2.o)
                0x00003618                u8g_pb16h2_Set8PixelStd
 .text.u8g_pb16h2_Or4PixelStd
                0x00003670       0x62 C:\Users\curtis\Documents\GitHub\FreeExpression_og\src\m2u8\Debug\libm2u8_6_2.a(u8g_pb16h2.o)
                0x00003670                u8g_pb16h2_Or4PixelStd
 .text.u8g_dev_pb16h2_base_fn
                0x000036d2       0xa2 C:\Users\curtis\Documents\GitHub\FreeExpression_og\src\m2u8\Debug\libm2u8_6_2.a(u8g_pb16h2.o)
                0x000036d2                u8g_dev_pb16h2_base_fn
 .text.u8g_draw_hline
                0x00003774       0x82 C:\Users\curtis\Documents\GitHub\FreeExpression_og\src\m2u8\Debug\libm2u8_6_2.a(u8g_rect.o)
                0x00003774                u8g_draw_hline
 .text.u8g_draw_box
                0x000037f6       0x34 C:\Users\curtis\Documents\GitHub\FreeExpression_og\src\m2u8\Debug\libm2u8_6_2.a(u8g_rect.o)
                0x000037f6                u8g_draw_box
 .text.u8g_DrawBox
                0x0000382a       0x36 C:\Users\curtis\Documents\GitHub\FreeExpression_og\src\m2u8\Debug\libm2u8_6_2.a(u8g_rect.o)
                0x0000382a                u8g_DrawBox
 .text.u8g_dev_rot_dummy_fn
                0x00003860        0x4 C:\Users\curtis\Documents\GitHub\FreeExpression_og\src\m2u8\Debug\libm2u8_6_2.a(u8g_rot.o)
                0x00003860                u8g_dev_rot_dummy_fn
 .text.u8g_dev_rot180_fn
                0x00003864      0x128 C:\Users\curtis\Documents\GitHub\FreeExpression_og\src\m2u8\Debug\libm2u8_6_2.a(u8g_rot.o)
                0x00003864                u8g_dev_rot180_fn
 .text.u8g_SetRot180
                0x0000398c       0x2e C:\Users\curtis\Documents\GitHub\FreeExpression_og\src\m2u8\Debug\libm2u8_6_2.a(u8g_rot.o)
                0x0000398c                u8g_SetRot180
 .text.u8g_state_dummy_cb
                0x000039ba        0x2 C:\Users\curtis\Documents\GitHub\FreeExpression_og\src\m2u8\Debug\libm2u8_6_2.a(u8g_state.o)
                0x000039ba                u8g_state_dummy_cb
 .text.u8g_IsBBXIntersection
                0x000039bc       0x44 C:\Users\curtis\Documents\GitHub\FreeExpression_og\src\m2u8\Debug\libm2u8_6_2.a(u8g_clip.o)
                0x000039bc                u8g_IsBBXIntersection
 .text.u8g_InitCom
                0x00003a00       0x12 C:\Users\curtis\Documents\GitHub\FreeExpression_og\src\m2u8\Debug\libm2u8_6_2.a(u8g_com_api.o)
                0x00003a00                u8g_InitCom
 .text.u8g_SetChipSelect
                0x00003a12       0x12 C:\Users\curtis\Documents\GitHub\FreeExpression_og\src\m2u8\Debug\libm2u8_6_2.a(u8g_com_api.o)
                0x00003a12                u8g_SetChipSelect
 .text.u8g_SetResetLow
                0x00003a24       0x14 C:\Users\curtis\Documents\GitHub\FreeExpression_og\src\m2u8\Debug\libm2u8_6_2.a(u8g_com_api.o)
                0x00003a24                u8g_SetResetLow
 .text.u8g_SetResetHigh
                0x00003a38       0x14 C:\Users\curtis\Documents\GitHub\FreeExpression_og\src\m2u8\Debug\libm2u8_6_2.a(u8g_com_api.o)
                0x00003a38                u8g_SetResetHigh
 .text.u8g_SetAddress
                0x00003a4c       0x12 C:\Users\curtis\Documents\GitHub\FreeExpression_og\src\m2u8\Debug\libm2u8_6_2.a(u8g_com_api.o)
                0x00003a4c                u8g_SetAddress
 .text.u8g_WriteByte
                0x00003a5e       0x12 C:\Users\curtis\Documents\GitHub\FreeExpression_og\src\m2u8\Debug\libm2u8_6_2.a(u8g_com_api.o)
                0x00003a5e                u8g_WriteByte
 .text.u8g_WriteEscSeqP
                0x00003a70       0xb2 C:\Users\curtis\Documents\GitHub\FreeExpression_og\src\m2u8\Debug\libm2u8_6_2.a(u8g_com_api.o)
                0x00003a70                u8g_WriteEscSeqP
 .text.u8g_WriteByte4LTo16GrDevice
                0x00003b22       0x60 C:\Users\curtis\Documents\GitHub\FreeExpression_og\src\m2u8\Debug\libm2u8_6_2.a(u8g_com_api_16gr.o)
                0x00003b22                u8g_WriteByte4LTo16GrDevice
 .text.u8g_WriteSequence4LTo16GrDevice
                0x00003b82       0x3c C:\Users\curtis\Documents\GitHub\FreeExpression_og\src\m2u8\Debug\libm2u8_6_2.a(u8g_com_api_16gr.o)
                0x00003b82                u8g_WriteSequence4LTo16GrDevice
 .text.u8g_atmega_sw_spi_shift_out
                0x00003bbe       0x3c C:\Users\curtis\Documents\GitHub\FreeExpression_og\src\m2u8\Debug\libm2u8_6_2.a(u8g_com_atmega_sw_spi.o)
 .text.u8g_com_atmega_sw_spi_fn
                0x00003bfa       0xbe C:\Users\curtis\Documents\GitHub\FreeExpression_og\src\m2u8\Debug\libm2u8_6_2.a(u8g_com_atmega_sw_spi.o)
                0x00003bfa                u8g_com_atmega_sw_spi_fn
 .text.u8g_Delay
                0x00003cb8       0x14 C:\Users\curtis\Documents\GitHub\FreeExpression_og\src\m2u8\Debug\libm2u8_6_2.a(u8g_delay.o)
                0x00003cb8                u8g_Delay
 .text.u8g_MicroDelay
                0x00003ccc        0xa C:\Users\curtis\Documents\GitHub\FreeExpression_og\src\m2u8\Debug\libm2u8_6_2.a(u8g_delay.o)
                0x00003ccc                u8g_MicroDelay
 .text.u8g_page_First
                0x00003cd6        0xe C:\Users\curtis\Documents\GitHub\FreeExpression_og\src\m2u8\Debug\libm2u8_6_2.a(u8g_page.o)
                0x00003cd6                u8g_page_First
 .text.u8g_page_Next
                0x00003ce4       0x2c C:\Users\curtis\Documents\GitHub\FreeExpression_og\src\m2u8\Debug\libm2u8_6_2.a(u8g_page.o)
                0x00003ce4                u8g_page_Next
 .text.u8g_pb_IsYIntersection
                0x00003d10       0x2e C:\Users\curtis\Documents\GitHub\FreeExpression_og\src\m2u8\Debug\libm2u8_6_2.a(u8g_pb.o)
                0x00003d10                u8g_pb_IsYIntersection
 .text.u8g_pb_GetPageBox
                0x00003d3e       0x20 C:\Users\curtis\Documents\GitHub\FreeExpression_og\src\m2u8\Debug\libm2u8_6_2.a(u8g_pb.o)
                0x00003d3e                u8g_pb_GetPageBox
 .text.u8g_pb_Is8PixelVisible
                0x00003d5e       0x1e C:\Users\curtis\Documents\GitHub\FreeExpression_og\src\m2u8\Debug\libm2u8_6_2.a(u8g_pb.o)
                0x00003d5e                u8g_pb_Is8PixelVisible
 .text.libgcc.div
                0x00003d7c       0x26 c:/program files (x86)/atmel/studio/7.0/toolchain/avr8/avr8-gnu-toolchain/bin/../lib/gcc/avr/5.4.0/avr51\libgcc.a(_divmodhi4.o)
                0x00003d7c                _div
                0x00003d7c                __divmodhi4
 .text.libgcc.div
                0x00003da2       0x44 c:/program files (x86)/atmel/studio/7.0/toolchain/avr8/avr8-gnu-toolchain/bin/../lib/gcc/avr/5.4.0/avr51\libgcc.a(_udivmodsi4.o)
                0x00003da2                __udivmodsi4
 .text.libgcc   0x00003de6       0x12 c:/program files (x86)/atmel/studio/7.0/toolchain/avr8/avr8-gnu-toolchain/bin/../lib/gcc/avr/5.4.0/avr51\libgcc.a(_tablejump2.o)
                0x00003de6                __tablejump2__
 .text.libgcc.div
                0x00003df8       0x28 c:/program files (x86)/atmel/studio/7.0/toolchain/avr8/avr8-gnu-toolchain/bin/../lib/gcc/avr/5.4.0/avr51\libgcc.a(_udivmodhi4.o)
                0x00003df8                __udivmodhi4
 .text.avr-libc
                0x00003e20        0x6 c:/program files (x86)/atmel/studio/7.0/toolchain/avr8/avr8-gnu-toolchain/bin/../lib/gcc/avr/5.4.0/../../../../avr/lib/avr51\libc.a(atof.o)
                0x00003e20                atof
 .text.avr-libc
                0x00003e26       0x3a c:/program files (x86)/atmel/studio/7.0/toolchain/avr8/avr8-gnu-toolchain/bin/../lib/gcc/avr/5.4.0/../../../../avr/lib/avr51\libc.a(atoi.o)
                0x00003e26                atoi
 .text.avr-libc
                0x00003e60       0x12 c:/program files (x86)/atmel/studio/7.0/toolchain/avr8/avr8-gnu-toolchain/bin/../lib/gcc/avr/5.4.0/../../../../avr/lib/avr51\libc.a(memcpy_P.o)
                0x00003e60                memcpy_P
 .text.avr-libc
                0x00003e72        0xe c:/program files (x86)/atmel/studio/7.0/toolchain/avr8/avr8-gnu-toolchain/bin/../lib/gcc/avr/5.4.0/../../../../avr/lib/avr51\libc.a(strcpy.o)
                0x00003e72                strcpy
 .text.avr-libc
                0x00003e80       0x10 c:/program files (x86)/atmel/studio/7.0/toolchain/avr8/avr8-gnu-toolchain/bin/../lib/gcc/avr/5.4.0/../../../../avr/lib/avr51\libc.a(mul10.o)
                0x00003e80                __mulhi_const_10
 .text.avr-libc
                0x00003e90       0x4e c:/program files (x86)/atmel/studio/7.0/toolchain/avr8/avr8-gnu-toolchain/bin/../lib/gcc/avr/5.4.0/../../../../avr/lib/avr51\libc.a(printf_p.o)
                0x00003e90                printf_P
 .text.avr-libc
                0x00003ede       0x42 c:/program files (x86)/atmel/studio/7.0/toolchain/avr8/avr8-gnu-toolchain/bin/../lib/gcc/avr/5.4.0/../../../../avr/lib/avr51\libc.a(sscanf_p.o)
                0x00003ede                sscanf_P
 .text.avr-libc
                0x00003f20      0x3fa c:/program files (x86)/atmel/studio/7.0/toolchain/avr8/avr8-gnu-toolchain/bin/../lib/gcc/avr/5.4.0/../../../../avr/lib/avr51\libc.a(vfprintf_std.o)
                0x00003f20                vfprintf
 .text.avr-libc
                0x0000431a      0x592 c:/program files (x86)/atmel/studio/7.0/toolchain/avr8/avr8-gnu-toolchain/bin/../lib/gcc/avr/5.4.0/../../../../avr/lib/avr51\libc.a(vfscanf_std.o)
                0x0000467e                vfscanf
 .text.avr-libc
                0x000048ac      0x2ae c:/program files (x86)/atmel/studio/7.0/toolchain/avr8/avr8-gnu-toolchain/bin/../lib/gcc/avr/5.4.0/../../../../avr/lib/avr51\libc.a(strtod.o)
                0x000048ac                strtod
 .text.avr-libc
                0x00004b5a       0x10 c:/program files (x86)/atmel/studio/7.0/toolchain/avr8/avr8-gnu-toolchain/bin/../lib/gcc/avr/5.4.0/../../../../avr/lib/avr51\libc.a(isspace.o)
                0x00004b5a                isspace
 .text.avr-libc
                0x00004b6a       0x16 c:/program files (x86)/atmel/studio/7.0/toolchain/avr8/avr8-gnu-toolchain/bin/../lib/gcc/avr/5.4.0/../../../../avr/lib/avr51\libc.a(strchr_P.o)
                0x00004b6a                strchr_P
 .text.avr-libc
                0x00004b80       0x30 c:/program files (x86)/atmel/studio/7.0/toolchain/avr8/avr8-gnu-toolchain/bin/../lib/gcc/avr/5.4.0/../../../../avr/lib/avr51\libc.a(strncasecmp_P.o)
                0x00004b80                strncasecmp_P
 .text.avr-libc
                0x00004bb0       0x16 c:/program files (x86)/atmel/studio/7.0/toolchain/avr8/avr8-gnu-toolchain/bin/../lib/gcc/avr/5.4.0/../../../../avr/lib/avr51\libc.a(strnlen_P.o)
                0x00004bb0                strnlen_P
 .text.avr-libc
                0x00004bc6       0x16 c:/program files (x86)/atmel/studio/7.0/toolchain/avr8/avr8-gnu-toolchain/bin/../lib/gcc/avr/5.4.0/../../../../avr/lib/avr51\libc.a(strnlen.o)
                0x00004bc6                strnlen
 .text.avr-libc
                0x00004bdc       0x7c c:/program files (x86)/atmel/studio/7.0/toolchain/avr8/avr8-gnu-toolchain/bin/../lib/gcc/avr/5.4.0/../../../../avr/lib/avr51\libc.a(fgetc.o)
                0x00004bdc                fgetc
 .text.avr-libc
                0x00004c58       0x78 c:/program files (x86)/atmel/studio/7.0/toolchain/avr8/avr8-gnu-toolchain/bin/../lib/gcc/avr/5.4.0/../../../../avr/lib/avr51\libc.a(fputc.o)
                0x00004c58                fputc
 .text.avr-libc
                0x00004cd0       0x32 c:/program files (x86)/atmel/studio/7.0/toolchain/avr8/avr8-gnu-toolchain/bin/../lib/gcc/avr/5.4.0/../../../../avr/lib/avr51\libc.a(ungetc.o)
                0x00004cd0                ungetc
 .text.avr-libc
                0x00004d02       0xbc c:/program files (x86)/atmel/studio/7.0/toolchain/avr8/avr8-gnu-toolchain/bin/../lib/gcc/avr/5.4.0/../../../../avr/lib/avr51\libc.a(ultoa_invert.o)
                0x00004d02                __ultoa_invert
 .text.avr-libc
                0x00004dbe        0x6 c:/program files (x86)/atmel/studio/7.0/toolchain/avr8/avr8-gnu-toolchain/bin/../lib/gcc/avr/5.4.0/../../../../avr/lib/avr51\libc.a(cty_isfalse.o)
                0x00004dbe                __ctype_isfalse
                0x00004dc2                __ctype_istrue
 .text.libgcc.mul
                0x00004dc4       0x14 c:/program files (x86)/atmel/studio/7.0/toolchain/avr8/avr8-gnu-toolchain/bin/../lib/gcc/avr/5.4.0/avr51\libgcc.a(_muluhisi3.o)
                0x00004dc4                __muluhisi3
 .text.libgcc.mul
                0x00004dd8       0x1e c:/program files (x86)/atmel/studio/7.0/toolchain/avr8/avr8-gnu-toolchain/bin/../lib/gcc/avr/5.4.0/avr51\libgcc.a(_umulhisi3.o)
                0x00004dd8                __umulhisi3
                0x00004df6                . = ALIGN (0x2)
 *(.fini9)
 .fini9         0x00004df6        0x0 c:/program files (x86)/atmel/studio/7.0/toolchain/avr8/avr8-gnu-toolchain/bin/../lib/gcc/avr/5.4.0/avr51\libgcc.a(_exit.o)
                0x00004df6                _exit
                0x00004df6                exit
 *(.fini9)
 *(.fini8)
 *(.fini8)
 *(.fini7)
 *(.fini7)
 *(.fini6)
 *(.fini6)
 *(.fini5)
 *(.fini5)
 *(.fini4)
 *(.fini4)
 *(.fini3)
 *(.fini3)
 *(.fini2)
 *(.fini2)
 *(.fini1)
 *(.fini1)
 *(.fini0)
 .fini0         0x00004df6        0x4 c:/program files (x86)/atmel/studio/7.0/toolchain/avr8/avr8-gnu-toolchain/bin/../lib/gcc/avr/5.4.0/avr51\libgcc.a(_exit.o)
 *(.fini0)
                0x00004dfa                _etext = .

.data           0x00800200       0xea load address 0x00004dfa
                0x00800200                PROVIDE (__data_start, .)
 *(.data)
 *(.data*)
 .data.pageSize
                0x00800200        0x2 flash.o
 .data.Scale_Inch.2178
                0x00800202        0x1 g_code.o
 .data.State.2176
                0x00800203        0x1 g_code.o
 .data.cmd.2165
                0x00800204        0x1 hpgl.o
 .data.Lang     0x00800205        0x1 keypad.o
                0x00800205                Lang
 .data.sound_mode
                0x00800206        0x1 keypad.o
 .data.flow_ctrl
                0x00800207        0x1 serial.o
                0x00800207                flow_ctrl
 .data.motor_off_delay
                0x00800208        0x2 stepper.o
 .data.loc_y    0x0080020a        0x2 stepper.o
 .data.loc_x    0x0080020c        0x2 stepper.o
 .data.count_25Hz
                0x0080020e        0x1 timer.o
 .data.count_Hz
                0x0080020f        0x1 timer.o
 .data.u8g_dev_ssd1325_nhd27oled_2x_gr_sw_spi
                0x00800210        0x6 C:\Users\curtis\Documents\GitHub\FreeExpression_og\src\m2u8\Debug\libm2u8_6_2.a(u8g_dev_ssd1325_nhd27oled_gr_new.o)
                0x00800210                u8g_dev_ssd1325_nhd27oled_2x_gr_sw_spi
 .data.u8g_dev_ssd1325_nhd27oled_2x_pb
                0x00800216        0x8 C:\Users\curtis\Documents\GitHub\FreeExpression_og\src\m2u8\Debug\libm2u8_6_2.a(u8g_dev_ssd1325_nhd27oled_gr_new.o)
                0x00800216                u8g_dev_ssd1325_nhd27oled_2x_pb
 .data.u8g_dev_rot
                0x0080021e        0x6 C:\Users\curtis\Documents\GitHub\FreeExpression_og\src\m2u8\Debug\libm2u8_6_2.a(u8g_rot.o)
                0x0080021e                u8g_dev_rot
 *(.gnu.linkonce.d*)
 *(.rodata)
 *(.rodata*)
 .rodata.str1.1
                0x00800224       0x8e keypad.o
 .rodata.str1.1
                0x008002b2       0x17 main.o
 .rodata.StepperPhaseTable
                0x008002c9       0x10 stepper.o
 .rodata.map.3435
                0x008002d9       0x10 C:\Users\curtis\Documents\GitHub\FreeExpression_og\src\m2u8\Debug\libm2u8_6_2.a(u8g_com_api_16gr.o)
 *(.gnu.linkonce.r*)
                0x008002ea                . = ALIGN (0x2)
 *fill*         0x008002e9        0x1 
                0x008002ea                _edata = .
                0x008002ea                PROVIDE (__data_end, .)

.bss            0x008002ea      0x3e6
                0x008002ea                PROVIDE (__bss_start, .)
 *(.bss)
 *(.bss*)
 .bss.queued.1973
                0x008002ea        0x1 dial.o
 .bss.dial_adc  0x008002eb        0x3 dial.o
 .bss.pvars     0x008002ee        0x3 dial.o
 .bss.channel   0x008002f1        0x1 dial.o
 .bss.cur_y     0x008002f2        0x1 display_oled.o
 .bss.cur_x     0x008002f3        0x1 display_oled.o
 .bss.pageBits  0x008002f4        0x1 flash.o
 .bss.new_pos.2179
                0x008002f5        0x2 g_code.o
 .bss.pen_down.2177
                0x008002f7        0x1 g_code.o
 .bss.tmp_ndx.2175
                0x008002f8        0x1 g_code.o
 .bss.dy        0x008002f9        0x2 g_code.o
                0x008002f9                dy
 .bss.dx        0x008002fb        0x2 g_code.o
                0x008002fb                dx
 .bss.fy.2167   0x008002fd        0x2 hpgl.o
 .bss.fx.2166   0x008002ff        0x2 hpgl.o
 .bss.i.2162    0x00800301        0x1 hpgl.o
 .bss.numpad_idx.2164
                0x00800302        0x1 hpgl.o
 .bss.si.2163   0x00800303        0x1 hpgl.o
 .bss.k_state   0x00800304        0x2 keypad.o
 .bss.leds      0x00800306        0x2 keypad.o
 .bss.keypad_prev
                0x00800308       0x18 keypad.o
 .bss.keypad_state
                0x00800320       0x18 keypad.o
 .bss.user_yscale
                0x00800338        0x4 scale.o
 .bss.user_xscale
                0x0080033c        0x4 scale.o
 .bss.serial_tx_buffer_tail
                0x00800340        0x1 serial.o
                0x00800340                serial_tx_buffer_tail
 .bss.serial_tx_buffer_head
                0x00800341        0x1 serial.o
                0x00800341                serial_tx_buffer_head
 .bss.serial_rx_buffer_tail
                0x00800342        0x1 serial.o
                0x00800342                serial_rx_buffer_tail
 .bss.serial_rx_buffer_head
                0x00800343        0x1 serial.o
                0x00800343                serial_rx_buffer_head
 .bss.cmd_tail  0x00800344        0x1 stepper.o
 .bss.cmd_head  0x00800345        0x1 stepper.o
 .bss.ActionState
                0x00800346        0x2 stepper.o
 .bss.step_delay
                0x00800348        0x2 stepper.o
 .bss.b         0x0080034a        0xd stepper.o
 .bss.ofs_y     0x00800357        0x2 stepper.o
 .bss.ofs_x     0x00800359        0x2 stepper.o
 .bss.current_stepper_speed
                0x0080035b        0x2 timer.o
 .bss.current_pen_pressure
                0x0080035d        0x2 timer.o
 .bss.u8g_dev_ssd1325_nhd27oled_2x_buf
                0x0080035f      0x100 C:\Users\curtis\Documents\GitHub\FreeExpression_og\src\m2u8\Debug\libm2u8_6_2.a(u8g_dev_ssd1325_nhd27oled_gr_new.o)
                0x0080035f                u8g_dev_ssd1325_nhd27oled_2x_buf
 *(COMMON)
 COMMON         0x0080045f       0x87 display_oled.o
                0x0080045f                u8g
                0x00800496                display_message
 COMMON         0x008004e6        0x3 hpgl.o
                0x008004e6                pstate
                0x008004e7                etxchar
                0x008004e8                nstate
 COMMON         0x008004e9       0xc0 serial.o
                0x008004e9                serial_tx_buffer
                0x00800529                serial_rx_buffer
 COMMON         0x008005a9       0x7d shvars.o
                0x008005a9                borderflags
                0x008005aa                sc_pad
                0x008005ba                scratchpad
                0x008005fa                numpad
                0x0080060a                ip_pad
                0x0080061a                stepper_loc
                0x0080061e                user_loc
 COMMON         0x00800626       0xa0 stepper.o
                0x00800626                cmd_queue
 COMMON         0x008006c6        0x2 timer.o
                0x008006c6                flag_Hz
                0x008006c7                flag_25Hz
 COMMON         0x008006c8        0x6 c:/program files (x86)/atmel/studio/7.0/toolchain/avr8/avr8-gnu-toolchain/bin/../lib/gcc/avr/5.4.0/../../../../avr/lib/avr51\libc.a(iob.o)
                0x008006c8                __iob
 COMMON         0x008006ce        0x2 c:/program files (x86)/atmel/studio/7.0/toolchain/avr8/avr8-gnu-toolchain/bin/../lib/gcc/avr/5.4.0/../../../../avr/lib/avr51\libc.a(errno.o)
                0x008006ce                errno
                0x008006d0                PROVIDE (__bss_end, .)
                0x00004dfa                __data_load_start = LOADADDR (.data)
                0x00004ee4                __data_load_end = (__data_load_start + SIZEOF (.data))

.noinit         0x008006d0        0x0
                [!provide]                PROVIDE (__noinit_start, .)
 *(.noinit*)
                [!provide]                PROVIDE (__noinit_end, .)
                0x008006d0                _end = .
                [!provide]                PROVIDE (__heap_start, .)

.eeprom         0x00810000        0x0
 *(.eeprom*)
                0x00810000                __eeprom_end = .

.fuse
 *(.fuse)
 *(.lfuse)
 *(.hfuse)
 *(.efuse)

.lock
 *(.lock*)

.signature
 *(.signature*)

.user_signatures
 *(.user_signatures*)

.stab
 *(.stab)

.stabstr
 *(.stabstr)

.stab.excl
 *(.stab.excl)

.stab.exclstr
 *(.stab.exclstr)

.stab.index
 *(.stab.index)

.stab.indexstr
 *(.stab.indexstr)

.comment        0x00000000       0x5c
 *(.comment)
 .comment       0x00000000       0x30 cli.o
                                 0x31 (size before relaxing)
 .comment       0x00000030       0x31 dial.o
 .comment       0x00000030       0x31 display.o
 .comment       0x00000030       0x31 display_oled.o
 .comment       0x00000030       0x31 flash.o
 .comment       0x00000030       0x31 g_code.o
 .comment       0x00000030       0x31 hpgl.o
 .comment       0x00000030       0x31 keypad.o
 .comment       0x00000030       0x31 main.o
 .comment       0x00000030       0x31 scale.o
 .comment       0x00000030       0x31 serial.o
 .comment       0x00000030       0x31 shvars.o
 .comment       0x00000030       0x31 stepper.o
 .comment       0x00000030       0x31 timer.o
 .comment       0x00000030       0x31 usb.o
 .comment       0x00000030       0x31 C:\Users\curtis\Documents\GitHub\FreeExpression_og\src\m2u8\Debug\libm2u8_6_2.a(u8g_com_io.o)
 .comment       0x00000030       0x31 C:\Users\curtis\Documents\GitHub\FreeExpression_og\src\m2u8\Debug\libm2u8_6_2.a(u8g_dev_ssd1325_nhd27oled_gr_new.o)
 .comment       0x00000030       0x31 C:\Users\curtis\Documents\GitHub\FreeExpression_og\src\m2u8\Debug\libm2u8_6_2.a(u8g_font.o)
 .comment       0x00000030       0x31 C:\Users\curtis\Documents\GitHub\FreeExpression_og\src\m2u8\Debug\libm2u8_6_2.a(u8g_font_data.o)
 .comment       0x00000030       0x31 C:\Users\curtis\Documents\GitHub\FreeExpression_og\src\m2u8\Debug\libm2u8_6_2.a(u8g_ll_api.o)
 .comment       0x00000030       0x31 C:\Users\curtis\Documents\GitHub\FreeExpression_og\src\m2u8\Debug\libm2u8_6_2.a(u8g_pb16h2.o)
 .comment       0x00000030       0x31 C:\Users\curtis\Documents\GitHub\FreeExpression_og\src\m2u8\Debug\libm2u8_6_2.a(u8g_rect.o)
 .comment       0x00000030       0x31 C:\Users\curtis\Documents\GitHub\FreeExpression_og\src\m2u8\Debug\libm2u8_6_2.a(u8g_rot.o)
 .comment       0x00000030       0x31 C:\Users\curtis\Documents\GitHub\FreeExpression_og\src\m2u8\Debug\libm2u8_6_2.a(u8g_state.o)
 .comment       0x00000030       0x31 C:\Users\curtis\Documents\GitHub\FreeExpression_og\src\m2u8\Debug\libm2u8_6_2.a(u8g_clip.o)
 .comment       0x00000030       0x31 C:\Users\curtis\Documents\GitHub\FreeExpression_og\src\m2u8\Debug\libm2u8_6_2.a(u8g_com_api.o)
 .comment       0x00000030       0x31 C:\Users\curtis\Documents\GitHub\FreeExpression_og\src\m2u8\Debug\libm2u8_6_2.a(u8g_com_api_16gr.o)
 .comment       0x00000030       0x31 C:\Users\curtis\Documents\GitHub\FreeExpression_og\src\m2u8\Debug\libm2u8_6_2.a(u8g_com_atmega_sw_spi.o)
 .comment       0x00000030       0x31 C:\Users\curtis\Documents\GitHub\FreeExpression_og\src\m2u8\Debug\libm2u8_6_2.a(u8g_delay.o)
 .comment       0x00000030       0x31 C:\Users\curtis\Documents\GitHub\FreeExpression_og\src\m2u8\Debug\libm2u8_6_2.a(u8g_page.o)
 .comment       0x00000030       0x31 C:\Users\curtis\Documents\GitHub\FreeExpression_og\src\m2u8\Debug\libm2u8_6_2.a(u8g_pb.o)
 .comment       0x00000030       0x31 c:/program files (x86)/atmel/studio/7.0/toolchain/avr8/avr8-gnu-toolchain/bin/../lib/gcc/avr/5.4.0/../../../../avr/lib/avr51\libc.a(printf_p.o)
 .comment       0x00000030       0x31 c:/program files (x86)/atmel/studio/7.0/toolchain/avr8/avr8-gnu-toolchain/bin/../lib/gcc/avr/5.4.0/../../../../avr/lib/avr51\libc.a(sscanf_p.o)
 .comment       0x00000030       0x2c c:/program files (x86)/atmel/studio/7.0/toolchain/avr8/avr8-gnu-toolchain/bin/../lib/gcc/avr/5.4.0/../../../../avr/lib/avr51\libc.a(vfprintf_std.o)
                                 0x2d (size before relaxing)
 .comment       0x0000005c       0x2d c:/program files (x86)/atmel/studio/7.0/toolchain/avr8/avr8-gnu-toolchain/bin/../lib/gcc/avr/5.4.0/../../../../avr/lib/avr51\libc.a(vfscanf_std.o)
 .comment       0x0000005c       0x31 c:/program files (x86)/atmel/studio/7.0/toolchain/avr8/avr8-gnu-toolchain/bin/../lib/gcc/avr/5.4.0/../../../../avr/lib/avr51\libc.a(strtod.o)
 .comment       0x0000005c       0x31 c:/program files (x86)/atmel/studio/7.0/toolchain/avr8/avr8-gnu-toolchain/bin/../lib/gcc/avr/5.4.0/../../../../avr/lib/avr51\libc.a(fgetc.o)
 .comment       0x0000005c       0x31 c:/program files (x86)/atmel/studio/7.0/toolchain/avr8/avr8-gnu-toolchain/bin/../lib/gcc/avr/5.4.0/../../../../avr/lib/avr51\libc.a(fputc.o)
 .comment       0x0000005c       0x31 c:/program files (x86)/atmel/studio/7.0/toolchain/avr8/avr8-gnu-toolchain/bin/../lib/gcc/avr/5.4.0/../../../../avr/lib/avr51\libc.a(iob.o)
 .comment       0x0000005c       0x31 c:/program files (x86)/atmel/studio/7.0/toolchain/avr8/avr8-gnu-toolchain/bin/../lib/gcc/avr/5.4.0/../../../../avr/lib/avr51\libc.a(ungetc.o)
 .comment       0x0000005c       0x2d c:/program files (x86)/atmel/studio/7.0/toolchain/avr8/avr8-gnu-toolchain/bin/../lib/gcc/avr/5.4.0/../../../../avr/lib/avr51\libc.a(errno.o)

.note.gnu.avr.deviceinfo
                0x00000000       0x40
 .note.gnu.avr.deviceinfo
                0x00000000       0x40 C:/Program Files (x86)/Atmel/Studio/7.0/Packs/atmel/ATmega_DFP/1.7.374/gcc/dev/atmega1281/avr51/crtatmega1281.o

.note.gnu.build-id
 *(.note.gnu.build-id)

.debug
 *(.debug)

.line
 *(.line)

.debug_srcinfo
 *(.debug_srcinfo)

.debug_sfnames
 *(.debug_sfnames)

.debug_aranges  0x00000000      0x730
 *(.debug_aranges)
 .debug_aranges
                0x00000000       0x58 C:\Users\curtis\Documents\GitHub\FreeExpression_og\src\m2u8\Debug\libm2u8_6_2.a(u8g_com_io.o)
 .debug_aranges
                0x00000058       0x30 C:\Users\curtis\Documents\GitHub\FreeExpression_og\src\m2u8\Debug\libm2u8_6_2.a(u8g_dev_ssd1325_nhd27oled_gr_new.o)
 .debug_aranges
                0x00000088      0x258 C:\Users\curtis\Documents\GitHub\FreeExpression_og\src\m2u8\Debug\libm2u8_6_2.a(u8g_font.o)
 .debug_aranges
                0x000002e0       0x18 C:\Users\curtis\Documents\GitHub\FreeExpression_og\src\m2u8\Debug\libm2u8_6_2.a(u8g_font_data.o)
 .debug_aranges
                0x000002f8      0x168 C:\Users\curtis\Documents\GitHub\FreeExpression_og\src\m2u8\Debug\libm2u8_6_2.a(u8g_ll_api.o)
 .debug_aranges
                0x00000460       0x50 C:\Users\curtis\Documents\GitHub\FreeExpression_og\src\m2u8\Debug\libm2u8_6_2.a(u8g_pb16h2.o)
 .debug_aranges
                0x000004b0       0x60 C:\Users\curtis\Documents\GitHub\FreeExpression_og\src\m2u8\Debug\libm2u8_6_2.a(u8g_rect.o)
 .debug_aranges
                0x00000510       0x58 C:\Users\curtis\Documents\GitHub\FreeExpression_og\src\m2u8\Debug\libm2u8_6_2.a(u8g_rot.o)
 .debug_aranges
                0x00000568       0x30 C:\Users\curtis\Documents\GitHub\FreeExpression_og\src\m2u8\Debug\libm2u8_6_2.a(u8g_state.o)
 .debug_aranges
                0x00000598       0x20 C:\Users\curtis\Documents\GitHub\FreeExpression_og\src\m2u8\Debug\libm2u8_6_2.a(u8g_clip.o)
 .debug_aranges
                0x000005b8       0x68 C:\Users\curtis\Documents\GitHub\FreeExpression_og\src\m2u8\Debug\libm2u8_6_2.a(u8g_com_api.o)
 .debug_aranges
                0x00000620       0x38 C:\Users\curtis\Documents\GitHub\FreeExpression_og\src\m2u8\Debug\libm2u8_6_2.a(u8g_com_api_16gr.o)
 .debug_aranges
                0x00000658       0x28 C:\Users\curtis\Documents\GitHub\FreeExpression_og\src\m2u8\Debug\libm2u8_6_2.a(u8g_com_atmega_sw_spi.o)
 .debug_aranges
                0x00000680       0x30 C:\Users\curtis\Documents\GitHub\FreeExpression_og\src\m2u8\Debug\libm2u8_6_2.a(u8g_delay.o)
 .debug_aranges
                0x000006b0       0x30 C:\Users\curtis\Documents\GitHub\FreeExpression_og\src\m2u8\Debug\libm2u8_6_2.a(u8g_page.o)
 .debug_aranges
                0x000006e0       0x50 C:\Users\curtis\Documents\GitHub\FreeExpression_og\src\m2u8\Debug\libm2u8_6_2.a(u8g_pb.o)

.debug_pubnames
 *(.debug_pubnames)

.debug_info     0x00000000    0x1035b
 *(.debug_info .gnu.linkonce.wi.*)
 .debug_info    0x00000000      0xa07 C:/Program Files (x86)/Atmel/Studio/7.0/Packs/atmel/ATmega_DFP/1.7.374/gcc/dev/atmega1281/avr51/crtatmega1281.o
 .debug_info    0x00000a07      0x7cb C:\Users\curtis\Documents\GitHub\FreeExpression_og\src\m2u8\Debug\libm2u8_6_2.a(u8g_com_io.o)
 .debug_info    0x000011d2      0xcfc C:\Users\curtis\Documents\GitHub\FreeExpression_og\src\m2u8\Debug\libm2u8_6_2.a(u8g_dev_ssd1325_nhd27oled_gr_new.o)
 .debug_info    0x00001ece     0x3772 C:\Users\curtis\Documents\GitHub\FreeExpression_og\src\m2u8\Debug\libm2u8_6_2.a(u8g_font.o)
 .debug_info    0x00005640     0x3f89 C:\Users\curtis\Documents\GitHub\FreeExpression_og\src\m2u8\Debug\libm2u8_6_2.a(u8g_font_data.o)
 .debug_info    0x000095c9     0x1b53 C:\Users\curtis\Documents\GitHub\FreeExpression_og\src\m2u8\Debug\libm2u8_6_2.a(u8g_ll_api.o)
 .debug_info    0x0000b11c      0x915 C:\Users\curtis\Documents\GitHub\FreeExpression_og\src\m2u8\Debug\libm2u8_6_2.a(u8g_pb16h2.o)
 .debug_info    0x0000ba31      0xec8 C:\Users\curtis\Documents\GitHub\FreeExpression_og\src\m2u8\Debug\libm2u8_6_2.a(u8g_rect.o)
 .debug_info    0x0000c8f9      0xcc4 C:\Users\curtis\Documents\GitHub\FreeExpression_og\src\m2u8\Debug\libm2u8_6_2.a(u8g_rot.o)
 .debug_info    0x0000d5bd      0x520 C:\Users\curtis\Documents\GitHub\FreeExpression_og\src\m2u8\Debug\libm2u8_6_2.a(u8g_state.o)
 .debug_info    0x0000dadd      0x54a C:\Users\curtis\Documents\GitHub\FreeExpression_og\src\m2u8\Debug\libm2u8_6_2.a(u8g_clip.o)
 .debug_info    0x0000e027      0x9d8 C:\Users\curtis\Documents\GitHub\FreeExpression_og\src\m2u8\Debug\libm2u8_6_2.a(u8g_com_api.o)
 .debug_info    0x0000e9ff      0x6a6 C:\Users\curtis\Documents\GitHub\FreeExpression_og\src\m2u8\Debug\libm2u8_6_2.a(u8g_com_api_16gr.o)
 .debug_info    0x0000f0a5      0x77b C:\Users\curtis\Documents\GitHub\FreeExpression_og\src\m2u8\Debug\libm2u8_6_2.a(u8g_com_atmega_sw_spi.o)
 .debug_info    0x0000f820      0x134 C:\Users\curtis\Documents\GitHub\FreeExpression_og\src\m2u8\Debug\libm2u8_6_2.a(u8g_delay.o)
 .debug_info    0x0000f954      0x1a5 C:\Users\curtis\Documents\GitHub\FreeExpression_og\src\m2u8\Debug\libm2u8_6_2.a(u8g_page.o)
 .debug_info    0x0000faf9      0x862 C:\Users\curtis\Documents\GitHub\FreeExpression_og\src\m2u8\Debug\libm2u8_6_2.a(u8g_pb.o)

.debug_abbrev   0x00000000     0x26d5
 *(.debug_abbrev)
 .debug_abbrev  0x00000000      0x97c C:/Program Files (x86)/Atmel/Studio/7.0/Packs/atmel/ATmega_DFP/1.7.374/gcc/dev/atmega1281/avr51/crtatmega1281.o
 .debug_abbrev  0x0000097c      0x255 C:\Users\curtis\Documents\GitHub\FreeExpression_og\src\m2u8\Debug\libm2u8_6_2.a(u8g_com_io.o)
 .debug_abbrev  0x00000bd1      0x1a1 C:\Users\curtis\Documents\GitHub\FreeExpression_og\src\m2u8\Debug\libm2u8_6_2.a(u8g_dev_ssd1325_nhd27oled_gr_new.o)
 .debug_abbrev  0x00000d72      0x44d C:\Users\curtis\Documents\GitHub\FreeExpression_og\src\m2u8\Debug\libm2u8_6_2.a(u8g_font.o)
 .debug_abbrev  0x000011bf       0x88 C:\Users\curtis\Documents\GitHub\FreeExpression_og\src\m2u8\Debug\libm2u8_6_2.a(u8g_font_data.o)
 .debug_abbrev  0x00001247      0x3dc C:\Users\curtis\Documents\GitHub\FreeExpression_og\src\m2u8\Debug\libm2u8_6_2.a(u8g_ll_api.o)
 .debug_abbrev  0x00001623      0x1bd C:\Users\curtis\Documents\GitHub\FreeExpression_og\src\m2u8\Debug\libm2u8_6_2.a(u8g_pb16h2.o)
 .debug_abbrev  0x000017e0      0x174 C:\Users\curtis\Documents\GitHub\FreeExpression_og\src\m2u8\Debug\libm2u8_6_2.a(u8g_rect.o)
 .debug_abbrev  0x00001954      0x22a C:\Users\curtis\Documents\GitHub\FreeExpression_og\src\m2u8\Debug\libm2u8_6_2.a(u8g_rot.o)
 .debug_abbrev  0x00001b7e      0x16f C:\Users\curtis\Documents\GitHub\FreeExpression_og\src\m2u8\Debug\libm2u8_6_2.a(u8g_state.o)
 .debug_abbrev  0x00001ced      0x165 C:\Users\curtis\Documents\GitHub\FreeExpression_og\src\m2u8\Debug\libm2u8_6_2.a(u8g_clip.o)
 .debug_abbrev  0x00001e52      0x1a1 C:\Users\curtis\Documents\GitHub\FreeExpression_og\src\m2u8\Debug\libm2u8_6_2.a(u8g_com_api.o)
 .debug_abbrev  0x00001ff3      0x169 C:\Users\curtis\Documents\GitHub\FreeExpression_og\src\m2u8\Debug\libm2u8_6_2.a(u8g_com_api_16gr.o)
 .debug_abbrev  0x0000215c      0x191 C:\Users\curtis\Documents\GitHub\FreeExpression_og\src\m2u8\Debug\libm2u8_6_2.a(u8g_com_atmega_sw_spi.o)
 .debug_abbrev  0x000022ed       0xbf C:\Users\curtis\Documents\GitHub\FreeExpression_og\src\m2u8\Debug\libm2u8_6_2.a(u8g_delay.o)
 .debug_abbrev  0x000023ac       0xe8 C:\Users\curtis\Documents\GitHub\FreeExpression_og\src\m2u8\Debug\libm2u8_6_2.a(u8g_page.o)
 .debug_abbrev  0x00002494      0x241 C:\Users\curtis\Documents\GitHub\FreeExpression_og\src\m2u8\Debug\libm2u8_6_2.a(u8g_pb.o)

.debug_line     0x00000000     0x3639
 *(.debug_line .debug_line.* .debug_line_end)
 .debug_line    0x00000000      0x1ca C:/Program Files (x86)/Atmel/Studio/7.0/Packs/atmel/ATmega_DFP/1.7.374/gcc/dev/atmega1281/avr51/crtatmega1281.o
 .debug_line    0x000001ca      0x207 C:\Users\curtis\Documents\GitHub\FreeExpression_og\src\m2u8\Debug\libm2u8_6_2.a(u8g_com_io.o)
 .debug_line    0x000003d1      0x291 C:\Users\curtis\Documents\GitHub\FreeExpression_og\src\m2u8\Debug\libm2u8_6_2.a(u8g_dev_ssd1325_nhd27oled_gr_new.o)
 .debug_line    0x00000662     0x1140 C:\Users\curtis\Documents\GitHub\FreeExpression_og\src\m2u8\Debug\libm2u8_6_2.a(u8g_font.o)
 .debug_line    0x000017a2       0x9d C:\Users\curtis\Documents\GitHub\FreeExpression_og\src\m2u8\Debug\libm2u8_6_2.a(u8g_font_data.o)
 .debug_line    0x0000183f      0x8f1 C:\Users\curtis\Documents\GitHub\FreeExpression_og\src\m2u8\Debug\libm2u8_6_2.a(u8g_ll_api.o)
 .debug_line    0x00002130      0x2af C:\Users\curtis\Documents\GitHub\FreeExpression_og\src\m2u8\Debug\libm2u8_6_2.a(u8g_pb16h2.o)
 .debug_line    0x000023df      0x309 C:\Users\curtis\Documents\GitHub\FreeExpression_og\src\m2u8\Debug\libm2u8_6_2.a(u8g_rect.o)
 .debug_line    0x000026e8      0x37a C:\Users\curtis\Documents\GitHub\FreeExpression_og\src\m2u8\Debug\libm2u8_6_2.a(u8g_rot.o)
 .debug_line    0x00002a62      0x100 C:\Users\curtis\Documents\GitHub\FreeExpression_og\src\m2u8\Debug\libm2u8_6_2.a(u8g_state.o)
 .debug_line    0x00002b62      0x103 C:\Users\curtis\Documents\GitHub\FreeExpression_og\src\m2u8\Debug\libm2u8_6_2.a(u8g_clip.o)
 .debug_line    0x00002c65      0x21e C:\Users\curtis\Documents\GitHub\FreeExpression_og\src\m2u8\Debug\libm2u8_6_2.a(u8g_com_api.o)
 .debug_line    0x00002e83      0x16c C:\Users\curtis\Documents\GitHub\FreeExpression_og\src\m2u8\Debug\libm2u8_6_2.a(u8g_com_api_16gr.o)
 .debug_line    0x00002fef      0x1b3 C:\Users\curtis\Documents\GitHub\FreeExpression_og\src\m2u8\Debug\libm2u8_6_2.a(u8g_com_atmega_sw_spi.o)
 .debug_line    0x000031a2      0x165 C:\Users\curtis\Documents\GitHub\FreeExpression_og\src\m2u8\Debug\libm2u8_6_2.a(u8g_delay.o)
 .debug_line    0x00003307      0x134 C:\Users\curtis\Documents\GitHub\FreeExpression_og\src\m2u8\Debug\libm2u8_6_2.a(u8g_page.o)
 .debug_line    0x0000343b      0x1fe C:\Users\curtis\Documents\GitHub\FreeExpression_og\src\m2u8\Debug\libm2u8_6_2.a(u8g_pb.o)

.debug_frame    0x00000000     0x18a0
 *(.debug_frame)
 .debug_frame   0x00000000       0xc8 C:\Users\curtis\Documents\GitHub\FreeExpression_og\src\m2u8\Debug\libm2u8_6_2.a(u8g_com_io.o)
 .debug_frame   0x000000c8       0xf8 C:\Users\curtis\Documents\GitHub\FreeExpression_og\src\m2u8\Debug\libm2u8_6_2.a(u8g_dev_ssd1325_nhd27oled_gr_new.o)
 .debug_frame   0x000001c0      0x9d8 C:\Users\curtis\Documents\GitHub\FreeExpression_og\src\m2u8\Debug\libm2u8_6_2.a(u8g_font.o)
 .debug_frame   0x00000b98      0x53c C:\Users\curtis\Documents\GitHub\FreeExpression_og\src\m2u8\Debug\libm2u8_6_2.a(u8g_ll_api.o)
 .debug_frame   0x000010d4       0xf4 C:\Users\curtis\Documents\GitHub\FreeExpression_og\src\m2u8\Debug\libm2u8_6_2.a(u8g_pb16h2.o)
 .debug_frame   0x000011c8      0x21c C:\Users\curtis\Documents\GitHub\FreeExpression_og\src\m2u8\Debug\libm2u8_6_2.a(u8g_rect.o)
 .debug_frame   0x000013e4      0x11c C:\Users\curtis\Documents\GitHub\FreeExpression_og\src\m2u8\Debug\libm2u8_6_2.a(u8g_rot.o)
 .debug_frame   0x00001500       0x44 C:\Users\curtis\Documents\GitHub\FreeExpression_og\src\m2u8\Debug\libm2u8_6_2.a(u8g_state.o)
 .debug_frame   0x00001544       0x2c C:\Users\curtis\Documents\GitHub\FreeExpression_og\src\m2u8\Debug\libm2u8_6_2.a(u8g_clip.o)
 .debug_frame   0x00001570       0xdc C:\Users\curtis\Documents\GitHub\FreeExpression_og\src\m2u8\Debug\libm2u8_6_2.a(u8g_com_api.o)
 .debug_frame   0x0000164c       0xd0 C:\Users\curtis\Documents\GitHub\FreeExpression_og\src\m2u8\Debug\libm2u8_6_2.a(u8g_com_api_16gr.o)
 .debug_frame   0x0000171c       0x64 C:\Users\curtis\Documents\GitHub\FreeExpression_og\src\m2u8\Debug\libm2u8_6_2.a(u8g_com_atmega_sw_spi.o)
 .debug_frame   0x00001780       0x44 C:\Users\curtis\Documents\GitHub\FreeExpression_og\src\m2u8\Debug\libm2u8_6_2.a(u8g_delay.o)
 .debug_frame   0x000017c4       0x44 C:\Users\curtis\Documents\GitHub\FreeExpression_og\src\m2u8\Debug\libm2u8_6_2.a(u8g_page.o)
 .debug_frame   0x00001808       0x98 C:\Users\curtis\Documents\GitHub\FreeExpression_og\src\m2u8\Debug\libm2u8_6_2.a(u8g_pb.o)

.debug_str      0x00000000     0x353d
 *(.debug_str)
 .debug_str     0x00000000      0x361 C:/Program Files (x86)/Atmel/Studio/7.0/Packs/atmel/ATmega_DFP/1.7.374/gcc/dev/atmega1281/avr51/crtatmega1281.o
 .debug_str     0x00000361      0x3fa C:\Users\curtis\Documents\GitHub\FreeExpression_og\src\m2u8\Debug\libm2u8_6_2.a(u8g_com_io.o)
                                0x4a8 (size before relaxing)
 .debug_str     0x0000075b      0x37a C:\Users\curtis\Documents\GitHub\FreeExpression_og\src\m2u8\Debug\libm2u8_6_2.a(u8g_dev_ssd1325_nhd27oled_gr_new.o)
                                0x739 (size before relaxing)
 .debug_str     0x00000ad5      0x780 C:\Users\curtis\Documents\GitHub\FreeExpression_og\src\m2u8\Debug\libm2u8_6_2.a(u8g_font.o)
                                0xb57 (size before relaxing)
 .debug_str     0x00001255     0x1aa2 C:\Users\curtis\Documents\GitHub\FreeExpression_og\src\m2u8\Debug\libm2u8_6_2.a(u8g_font_data.o)
                               0x1c23 (size before relaxing)
 .debug_str     0x00002cf7      0x2ea C:\Users\curtis\Documents\GitHub\FreeExpression_og\src\m2u8\Debug\libm2u8_6_2.a(u8g_ll_api.o)
                                0x6e2 (size before relaxing)
 .debug_str     0x00002fe1       0xeb C:\Users\curtis\Documents\GitHub\FreeExpression_og\src\m2u8\Debug\libm2u8_6_2.a(u8g_pb16h2.o)
                                0x50e (size before relaxing)
 .debug_str     0x000030cc       0xb0 C:\Users\curtis\Documents\GitHub\FreeExpression_og\src\m2u8\Debug\libm2u8_6_2.a(u8g_rect.o)
                                0x47b (size before relaxing)
 .debug_str     0x0000317c       0xb6 C:\Users\curtis\Documents\GitHub\FreeExpression_og\src\m2u8\Debug\libm2u8_6_2.a(u8g_rot.o)
                                0x49f (size before relaxing)
 .debug_str     0x00003232       0x7f C:\Users\curtis\Documents\GitHub\FreeExpression_og\src\m2u8\Debug\libm2u8_6_2.a(u8g_state.o)
                                0x425 (size before relaxing)
 .debug_str     0x000032b1       0x32 C:\Users\curtis\Documents\GitHub\FreeExpression_og\src\m2u8\Debug\libm2u8_6_2.a(u8g_clip.o)
                                0x3ee (size before relaxing)
 .debug_str     0x000032e3       0x9e C:\Users\curtis\Documents\GitHub\FreeExpression_og\src\m2u8\Debug\libm2u8_6_2.a(u8g_com_api.o)
                                0x4ab (size before relaxing)
 .debug_str     0x00003381       0x70 C:\Users\curtis\Documents\GitHub\FreeExpression_og\src\m2u8\Debug\libm2u8_6_2.a(u8g_com_api_16gr.o)
                                0x436 (size before relaxing)
 .debug_str     0x000033f1       0x71 C:\Users\curtis\Documents\GitHub\FreeExpression_og\src\m2u8\Debug\libm2u8_6_2.a(u8g_com_atmega_sw_spi.o)
                                0x451 (size before relaxing)
 .debug_str     0x00003462       0x38 C:\Users\curtis\Documents\GitHub\FreeExpression_og\src\m2u8\Debug\libm2u8_6_2.a(u8g_delay.o)
                                0x1c0 (size before relaxing)
 .debug_str     0x0000349a       0x1e C:\Users\curtis\Documents\GitHub\FreeExpression_og\src\m2u8\Debug\libm2u8_6_2.a(u8g_page.o)
                                0x1f9 (size before relaxing)
 .debug_str     0x000034b8       0x85 C:\Users\curtis\Documents\GitHub\FreeExpression_og\src\m2u8\Debug\libm2u8_6_2.a(u8g_pb.o)
                                0x4d8 (size before relaxing)

.debug_loc      0x00000000     0xc024
 *(.debug_loc)
 .debug_loc     0x00000000      0x443 C:\Users\curtis\Documents\GitHub\FreeExpression_og\src\m2u8\Debug\libm2u8_6_2.a(u8g_com_io.o)
 .debug_loc     0x00000443      0x773 C:\Users\curtis\Documents\GitHub\FreeExpression_og\src\m2u8\Debug\libm2u8_6_2.a(u8g_dev_ssd1325_nhd27oled_gr_new.o)
 .debug_loc     0x00000bb6     0x4bb6 C:\Users\curtis\Documents\GitHub\FreeExpression_og\src\m2u8\Debug\libm2u8_6_2.a(u8g_font.o)
 .debug_loc     0x0000576c     0x2515 C:\Users\curtis\Documents\GitHub\FreeExpression_og\src\m2u8\Debug\libm2u8_6_2.a(u8g_ll_api.o)
 .debug_loc     0x00007c81      0x97e C:\Users\curtis\Documents\GitHub\FreeExpression_og\src\m2u8\Debug\libm2u8_6_2.a(u8g_pb16h2.o)
 .debug_loc     0x000085ff     0x14e0 C:\Users\curtis\Documents\GitHub\FreeExpression_og\src\m2u8\Debug\libm2u8_6_2.a(u8g_rect.o)
 .debug_loc     0x00009adf      0xdb9 C:\Users\curtis\Documents\GitHub\FreeExpression_og\src\m2u8\Debug\libm2u8_6_2.a(u8g_rot.o)
 .debug_loc     0x0000a898       0x96 C:\Users\curtis\Documents\GitHub\FreeExpression_og\src\m2u8\Debug\libm2u8_6_2.a(u8g_state.o)
 .debug_loc     0x0000a92e      0x1ee C:\Users\curtis\Documents\GitHub\FreeExpression_og\src\m2u8\Debug\libm2u8_6_2.a(u8g_clip.o)
 .debug_loc     0x0000ab1c      0x658 C:\Users\curtis\Documents\GitHub\FreeExpression_og\src\m2u8\Debug\libm2u8_6_2.a(u8g_com_api.o)
 .debug_loc     0x0000b174      0x4f2 C:\Users\curtis\Documents\GitHub\FreeExpression_og\src\m2u8\Debug\libm2u8_6_2.a(u8g_com_api_16gr.o)
 .debug_loc     0x0000b666      0x2ec C:\Users\curtis\Documents\GitHub\FreeExpression_og\src\m2u8\Debug\libm2u8_6_2.a(u8g_com_atmega_sw_spi.o)
 .debug_loc     0x0000b952       0x67 C:\Users\curtis\Documents\GitHub\FreeExpression_og\src\m2u8\Debug\libm2u8_6_2.a(u8g_delay.o)
 .debug_loc     0x0000b9b9      0x10d C:\Users\curtis\Documents\GitHub\FreeExpression_og\src\m2u8\Debug\libm2u8_6_2.a(u8g_page.o)
 .debug_loc     0x0000bac6      0x55e C:\Users\curtis\Documents\GitHub\FreeExpression_og\src\m2u8\Debug\libm2u8_6_2.a(u8g_pb.o)

.debug_macinfo
 *(.debug_macinfo)

.debug_weaknames
 *(.debug_weaknames)

.debug_funcnames
 *(.debug_funcnames)

.debug_typenames
 *(.debug_typenames)

.debug_varnames
 *(.debug_varnames)

.debug_pubtypes
 *(.debug_pubtypes)

.debug_ranges   0x00000000      0x850
 *(.debug_ranges)
 .debug_ranges  0x00000000       0x48 C:\Users\curtis\Documents\GitHub\FreeExpression_og\src\m2u8\Debug\libm2u8_6_2.a(u8g_com_io.o)
 .debug_ranges  0x00000048       0x50 C:\Users\curtis\Documents\GitHub\FreeExpression_og\src\m2u8\Debug\libm2u8_6_2.a(u8g_dev_ssd1325_nhd27oled_gr_new.o)
 .debug_ranges  0x00000098      0x3a8 C:\Users\curtis\Documents\GitHub\FreeExpression_og\src\m2u8\Debug\libm2u8_6_2.a(u8g_font.o)
 .debug_ranges  0x00000440      0x188 C:\Users\curtis\Documents\GitHub\FreeExpression_og\src\m2u8\Debug\libm2u8_6_2.a(u8g_ll_api.o)
 .debug_ranges  0x000005c8       0x40 C:\Users\curtis\Documents\GitHub\FreeExpression_og\src\m2u8\Debug\libm2u8_6_2.a(u8g_pb16h2.o)
 .debug_ranges  0x00000608       0x68 C:\Users\curtis\Documents\GitHub\FreeExpression_og\src\m2u8\Debug\libm2u8_6_2.a(u8g_rect.o)
 .debug_ranges  0x00000670       0x48 C:\Users\curtis\Documents\GitHub\FreeExpression_og\src\m2u8\Debug\libm2u8_6_2.a(u8g_rot.o)
 .debug_ranges  0x000006b8       0x20 C:\Users\curtis\Documents\GitHub\FreeExpression_og\src\m2u8\Debug\libm2u8_6_2.a(u8g_state.o)
 .debug_ranges  0x000006d8       0x30 C:\Users\curtis\Documents\GitHub\FreeExpression_og\src\m2u8\Debug\libm2u8_6_2.a(u8g_clip.o)
 .debug_ranges  0x00000708       0x58 C:\Users\curtis\Documents\GitHub\FreeExpression_og\src\m2u8\Debug\libm2u8_6_2.a(u8g_com_api.o)
 .debug_ranges  0x00000760       0x28 C:\Users\curtis\Documents\GitHub\FreeExpression_og\src\m2u8\Debug\libm2u8_6_2.a(u8g_com_api_16gr.o)
 .debug_ranges  0x00000788       0x18 C:\Users\curtis\Documents\GitHub\FreeExpression_og\src\m2u8\Debug\libm2u8_6_2.a(u8g_com_atmega_sw_spi.o)
 .debug_ranges  0x000007a0       0x38 C:\Users\curtis\Documents\GitHub\FreeExpression_og\src\m2u8\Debug\libm2u8_6_2.a(u8g_delay.o)
 .debug_ranges  0x000007d8       0x20 C:\Users\curtis\Documents\GitHub\FreeExpression_og\src\m2u8\Debug\libm2u8_6_2.a(u8g_page.o)
 .debug_ranges  0x000007f8       0x58 C:\Users\curtis\Documents\GitHub\FreeExpression_og\src\m2u8\Debug\libm2u8_6_2.a(u8g_pb.o)

.debug_macro
 *(.debug_macro)
OUTPUT(FreeExpression_6_2.elf elf32-avr)
LOAD linker stubs
