Archive member included to satisfy reference by file (symbol)

c:/program files (x86)/atmel/studio/7.0/toolchain/avr8/avr8-gnu-toolchain/bin/../lib/gcc/avr/5.4.0/../../../../avr/lib/avr51\libm.a(cmpsf2.o)
                              g_code.o (__ltsf2)
c:/program files (x86)/atmel/studio/7.0/toolchain/avr8/avr8-gnu-toolchain/bin/../lib/gcc/avr/5.4.0/../../../../avr/lib/avr51\libm.a(divsf3.o)
                              g_code.o (__divsf3)
c:/program files (x86)/atmel/studio/7.0/toolchain/avr8/avr8-gnu-toolchain/bin/../lib/gcc/avr/5.4.0/../../../../avr/lib/avr51\libm.a(divsf3x.o)
                              c:/program files (x86)/atmel/studio/7.0/toolchain/avr8/avr8-gnu-toolchain/bin/../lib/gcc/avr/5.4.0/../../../../avr/lib/avr51\libm.a(divsf3.o) (__divsf3x)
c:/program files (x86)/atmel/studio/7.0/toolchain/avr8/avr8-gnu-toolchain/bin/../lib/gcc/avr/5.4.0/../../../../avr/lib/avr51\libm.a(fixsfsi.o)
                              g_code.o (__fixsfsi)
c:/program files (x86)/atmel/studio/7.0/toolchain/avr8/avr8-gnu-toolchain/bin/../lib/gcc/avr/5.4.0/../../../../avr/lib/avr51\libm.a(fixunssfsi.o)
                              c:/program files (x86)/atmel/studio/7.0/toolchain/avr8/avr8-gnu-toolchain/bin/../lib/gcc/avr/5.4.0/../../../../avr/lib/avr51\libm.a(fixsfsi.o) (__fixunssfsi)
c:/program files (x86)/atmel/studio/7.0/toolchain/avr8/avr8-gnu-toolchain/bin/../lib/gcc/avr/5.4.0/../../../../avr/lib/avr51\libm.a(floatsisf.o)
                              hpgl.o (__floatsisf)
c:/program files (x86)/atmel/studio/7.0/toolchain/avr8/avr8-gnu-toolchain/bin/../lib/gcc/avr/5.4.0/../../../../avr/lib/avr51\libm.a(fp_cmp.o)
                              c:/program files (x86)/atmel/studio/7.0/toolchain/avr8/avr8-gnu-toolchain/bin/../lib/gcc/avr/5.4.0/../../../../avr/lib/avr51\libm.a(cmpsf2.o) (__fp_cmp)
c:/program files (x86)/atmel/studio/7.0/toolchain/avr8/avr8-gnu-toolchain/bin/../lib/gcc/avr/5.4.0/../../../../avr/lib/avr51\libm.a(fp_inf.o)
                              c:/program files (x86)/atmel/studio/7.0/toolchain/avr8/avr8-gnu-toolchain/bin/../lib/gcc/avr/5.4.0/../../../../avr/lib/avr51\libm.a(divsf3x.o) (__fp_inf)
c:/program files (x86)/atmel/studio/7.0/toolchain/avr8/avr8-gnu-toolchain/bin/../lib/gcc/avr/5.4.0/../../../../avr/lib/avr51\libm.a(fp_nan.o)
                              c:/program files (x86)/atmel/studio/7.0/toolchain/avr8/avr8-gnu-toolchain/bin/../lib/gcc/avr/5.4.0/../../../../avr/lib/avr51\libm.a(divsf3x.o) (__fp_nan)
c:/program files (x86)/atmel/studio/7.0/toolchain/avr8/avr8-gnu-toolchain/bin/../lib/gcc/avr/5.4.0/../../../../avr/lib/avr51\libm.a(fp_pscA.o)
                              c:/program files (x86)/atmel/studio/7.0/toolchain/avr8/avr8-gnu-toolchain/bin/../lib/gcc/avr/5.4.0/../../../../avr/lib/avr51\libm.a(divsf3x.o) (__fp_pscA)
c:/program files (x86)/atmel/studio/7.0/toolchain/avr8/avr8-gnu-toolchain/bin/../lib/gcc/avr/5.4.0/../../../../avr/lib/avr51\libm.a(fp_pscB.o)
                              c:/program files (x86)/atmel/studio/7.0/toolchain/avr8/avr8-gnu-toolchain/bin/../lib/gcc/avr/5.4.0/../../../../avr/lib/avr51\libm.a(divsf3x.o) (__fp_pscB)
c:/program files (x86)/atmel/studio/7.0/toolchain/avr8/avr8-gnu-toolchain/bin/../lib/gcc/avr/5.4.0/../../../../avr/lib/avr51\libm.a(fp_round.o)
                              c:/program files (x86)/atmel/studio/7.0/toolchain/avr8/avr8-gnu-toolchain/bin/../lib/gcc/avr/5.4.0/../../../../avr/lib/avr51\libm.a(divsf3.o) (__fp_round)
c:/program files (x86)/atmel/studio/7.0/toolchain/avr8/avr8-gnu-toolchain/bin/../lib/gcc/avr/5.4.0/../../../../avr/lib/avr51\libm.a(fp_split3.o)
                              c:/program files (x86)/atmel/studio/7.0/toolchain/avr8/avr8-gnu-toolchain/bin/../lib/gcc/avr/5.4.0/../../../../avr/lib/avr51\libm.a(divsf3x.o) (__fp_split3)
c:/program files (x86)/atmel/studio/7.0/toolchain/avr8/avr8-gnu-toolchain/bin/../lib/gcc/avr/5.4.0/../../../../avr/lib/avr51\libm.a(fp_zero.o)
                              c:/program files (x86)/atmel/studio/7.0/toolchain/avr8/avr8-gnu-toolchain/bin/../lib/gcc/avr/5.4.0/../../../../avr/lib/avr51\libm.a(fixunssfsi.o) (__fp_zero)
c:/program files (x86)/atmel/studio/7.0/toolchain/avr8/avr8-gnu-toolchain/bin/../lib/gcc/avr/5.4.0/../../../../avr/lib/avr51\libm.a(mulsf3.o)
                              g_code.o (__mulsf3)
c:/program files (x86)/atmel/studio/7.0/toolchain/avr8/avr8-gnu-toolchain/bin/../lib/gcc/avr/5.4.0/../../../../avr/lib/avr51\libm.a(mulsf3x.o)
                              c:/program files (x86)/atmel/studio/7.0/toolchain/avr8/avr8-gnu-toolchain/bin/../lib/gcc/avr/5.4.0/../../../../avr/lib/avr51\libm.a(mulsf3.o) (__mulsf3x)
c:/program files (x86)/atmel/studio/7.0/toolchain/avr8/avr8-gnu-toolchain/bin/../lib/gcc/avr/5.4.0/../../../../avr/lib/avr51\libm.a(round.o)
                              hpgl.o (round)
c:/program files (x86)/atmel/studio/7.0/toolchain/avr8/avr8-gnu-toolchain/bin/../lib/gcc/avr/5.4.0/../../../../avr/lib/avr51\libm.a(fp_mintl.o)
[...]
Memory Configuration

Name             Origin             Length             Attributes
text             0x00000000         0x00020000         xr
data             0x00800200         0x00002000         rw !x
eeprom           0x00810000         0x00001000         rw !x
fuse             0x00820000         0x00000003         rw !x
lock             0x00830000         0x00000400         rw !x
signature        0x00840000         0x00000400         rw !x
user_signatures  0x00850000         0x00000400         rw !x
*default*        0x00000000         0xffffffff

Linker script and memory map

Address of section .data set to 0x800200
LOAD C:/Program Files (x86)/Atmel/Studio/7.0/Packs/atmel/ATmega_DFP/1.7.374/gcc/dev/atmega1281/avr51/crtatmega1281.o
LOAD cli.o
LOAD dial.o
LOAD display.o
LOAD display_lcd.o
LOAD display_oled.o
LOAD flash.o
LOAD g_code.o
LOAD hpgl.o
LOAD keypad.o
LOAD main.o
LOAD scale.o
LOAD serial.o
LOAD shvars.o
LOAD spi.o
LOAD stepper.o
LOAD timer.o
LOAD usb.o
START GROUP
LOAD c:/program files (x86)/atmel/studio/7.0/toolchain/avr8/avr8-gnu-toolchain/bin/../lib/gcc/avr/5.4.0/../../../../avr/lib/avr51\libm.a
LOAD ../m2u8/Release\libm2u8_6_2.a
LOAD ../u8x8/Release\libu8x8.a
END GROUP
START GROUP
LOAD c:/program files (x86)/atmel/studio/7.0/toolchain/avr8/avr8-gnu-toolchain/bin/../lib/gcc/avr/5.4.0/avr51\libgcc.a
LOAD c:/program files (x86)/atmel/studio/7.0/toolchain/avr8/avr8-gnu-toolchain/bin/../lib/gcc/avr/5.4.0/../../../../avr/lib/avr51\libm.a
LOAD c:/program files (x86)/atmel/studio/7.0/toolchain/avr8/avr8-gnu-toolchain/bin/../lib/gcc/avr/5.4.0/../../../../avr/lib/avr51\libc.a
LOAD C:/Program Files (x86)/Atmel/Studio/7.0/Packs/atmel/ATmega_DFP/1.7.374/gcc/dev/atmega1281/avr51\libatmega1281.a
END GROUP
                0x00000000                __TEXT_REGION_ORIGIN__ = DEFINED (__TEXT_REGION_ORIGIN__)?__TEXT_REGION_ORIGIN__:0x0
                [0x00800200]                __DATA_REGION_ORIGIN__ = DEFINED (__DATA_REGION_ORIGIN__)?__DATA_REGION_ORIGIN__:0x800100
                [0x00020000]                __TEXT_REGION_LENGTH__ = DEFINED (__TEXT_REGION_LENGTH__)?__TEXT_REGION_LENGTH__:0x20000
                [0x00002000]                __DATA_REGION_LENGTH__ = DEFINED (__DATA_REGION_LENGTH__)?__DATA_REGION_LENGTH__:0xff00
                [0x00001000]                __EEPROM_REGION_LENGTH__ = DEFINED (__EEPROM_REGION_LENGTH__)?__EEPROM_REGION_LENGTH__:0x10000
                [0x00000003]                __FUSE_REGION_LENGTH__ = DEFINED (__FUSE_REGION_LENGTH__)?__FUSE_REGION_LENGTH__:0x400
                0x00000400                __LOCK_REGION_LENGTH__ = DEFINED (__LOCK_REGION_LENGTH__)?__LOCK_REGION_LENGTH__:0x400
                0x00000400                __SIGNATURE_REGION_LENGTH__ = DEFINED (__SIGNATURE_REGION_LENGTH__)?__SIGNATURE_REGION_LENGTH__:0x400
                0x00000400                __USER_SIGNATURE_REGION_LENGTH__ = DEFINED (__USER_SIGNATURE_REGION_LENGTH__)?__USER_SIGNATURE_REGION_LENGTH__:0x400

.hash
 *(.hash)

.dynsym
 *(.dynsym)

.dynstr
 *(.dynstr)

.gnu.version
 *(.gnu.version)

.gnu.version_d
 *(.gnu.version_d)

.gnu.version_r
 *(.gnu.version_r)

.rel.init
 *(.rel.init)

.rela.init
 *(.rela.init)

.rel.text
 *(.rel.text)
 *(.rel.text.*)
 *(.rel.gnu.linkonce.t*)

.rela.text
 *(.rela.text)
 *(.rela.text.*)
 *(.rela.gnu.linkonce.t*)

.rel.fini
 *(.rel.fini)

.rela.fini
 *(.rela.fini)

.rel.rodata
 *(.rel.rodata)
 *(.rel.rodata.*)
 *(.rel.gnu.linkonce.r*)

.rela.rodata
 *(.rela.rodata)
 *(.rela.rodata.*)
 *(.rela.gnu.linkonce.r*)

.rel.data
 *(.rel.data)
 *(.rel.data.*)
 *(.rel.gnu.linkonce.d*)

.rela.data
 *(.rela.data)
 *(.rela.data.*)
 *(.rela.gnu.linkonce.d*)

.rel.ctors
 *(.rel.ctors)

.rela.ctors
 *(.rela.ctors)

.rel.dtors
 *(.rel.dtors)

.rela.dtors
 *(.rela.dtors)

.rel.got
 *(.rel.got)

.rela.got
 *(.rela.got)

.rel.bss
 *(.rel.bss)

.rela.bss
 *(.rela.bss)

.rel.plt
 *(.rel.plt)

.rela.plt
 *(.rela.plt)

.text           0x00000000     0x46e6
 *(.vectors)
 .vectors       0x00000000       0xcc C:/Program Files (x86)/Atmel/Studio/7.0/Packs/atmel/ATmega_DFP/1.7.374/gcc/dev/atmega1281/avr51/crtatmega1281.o
                0x00000000                __vector_default
                0x00000000                __vectors
 *(.vectors)
 *(.progmem.gcc*)
 .progmem.gcc_sw_table.gcode_char
                0x000000cc       0x10 g_code.o
 .progmem.gcc_sw_table.hpgl_char
                0x000000dc       0x32 hpgl.o
                0x0000010e                . = ALIGN (0x2)
                0x0000010e                __trampolines_start = .
 *(.trampolines)
 .trampolines   0x0000010e        0x0 linker stubs
 *(.trampolines*)
                0x0000010e                __trampolines_end = .
 *libprintf_flt.a:*(.progmem.data)
 *libc.a:*(.progmem.data)
 .progmem.data  0x0000010e        0xc c:/program files (x86)/atmel/studio/7.0/toolchain/avr8/avr8-gnu-toolchain/bin/../lib/gcc/avr/5.4.0/../../../../avr/lib/avr51\libc.a(vfscanf_std.o)
 .progmem.data  0x0000011a       0x3b c:/program files (x86)/atmel/studio/7.0/toolchain/avr8/avr8-gnu-toolchain/bin/../lib/gcc/avr/5.4.0/../../../../avr/lib/avr51\libc.a(strtod.o)
 *(.progmem*)
 .progmem.data.DF_pagesize
                0x00000155       0x10 flash.o
                0x00000155                DF_pagesize
 .progmem.data.DF_pagebits
                0x00000165        0x8 flash.o
                0x00000165                DF_pagebits
 .progmem.data.__c.2275
                0x0000016d        0x3 hpgl.o
 .progmem.data.__c.2261
                0x00000170        0x3 hpgl.o
 .progmem.data.__c.2249
                0x00000173        0x3 hpgl.o
 .progmem.data.__c.2113
                0x00000176       0x28 scale.o
 .progmem.u8x8_font_chroma48medium8_r
                0x0000019e      0x304 ../u8x8/Release\libu8x8.a(u8x8_fonts.o)
                0x0000019e                u8x8_font_chroma48medium8_r
 .progmem.u8x8_font_5x7_f
                0x000004a2      0x704 ../u8x8/Release\libu8x8.a(u8x8_fonts.o)
                0x000004a2                u8x8_font_5x7_f
                0x00000ba6                . = ALIGN (0x2)
 *(.jumptables)
 *(.jumptables*)
 *(.lowtext)
 *(.lowtext*)
                0x00000ba6                __ctors_start = .
 *(.ctors)
                0x00000ba6                __ctors_end = .
                0x00000ba6                __dtors_start = .
 *(.dtors)
                0x00000ba6                __dtors_end = .
 SORT(*)(.ctors)
 SORT(*)(.dtors)
 *(.init0)
 .init0         0x00000ba6        0x0 C:/Program Files (x86)/Atmel/Studio/7.0/Packs/atmel/ATmega_DFP/1.7.374/gcc/dev/atmega1281/avr51/crtatmega1281.o
                0x00000ba6                __init
 *(.init0)
 *(.init1)
 *(.init1)
 *(.init2)
 .init2         0x00000ba6        0xc C:/Program Files (x86)/Atmel/Studio/7.0/Packs/atmel/ATmega_DFP/1.7.374/gcc/dev/atmega1281/avr51/crtatmega1281.o
 *(.init2)
 *(.init3)
 *(.init3)
 *(.init4)
 .init4         0x00000bb2       0x1a c:/program files (x86)/atmel/studio/7.0/toolchain/avr8/avr8-gnu-toolchain/bin/../lib/gcc/avr/5.4.0/avr51\libgcc.a(_copy_data.o)
                0x00000bb2                __do_copy_data
 .init4         0x00000bcc       0x10 c:/program files (x86)/atmel/studio/7.0/toolchain/avr8/avr8-gnu-toolchain/bin/../lib/gcc/avr/5.4.0/avr51\libgcc.a(_clear_bss.o)
                0x00000bcc                __do_clear_bss
 *(.init4)
 *(.init5)
 *(.init5)
 *(.init6)
 *(.init6)
 *(.init7)
 *(.init7)
 *(.init8)
 *(.init8)
 *(.init9)
 .init9         0x00000bdc        0x8 C:/Program Files (x86)/Atmel/Studio/7.0/Packs/atmel/ATmega_DFP/1.7.374/gcc/dev/atmega1281/avr51/crtatmega1281.o
 *(.init9)
 *(.text)
 .text          0x00000be4        0x2 C:/Program Files (x86)/Atmel/Studio/7.0/Packs/atmel/ATmega_DFP/1.7.374/gcc/dev/atmega1281/avr51/crtatmega1281.o
                0x00000be4                __vector_38
                0x00000be4                __vector_22
                0x00000be4                __vector_28
                0x00000be4                __vector_1
                0x00000be4                __vector_32
                0x00000be4                __vector_34
                0x00000be4                __vector_24
                0x00000be4                __vector_12
                0x00000be4                __vector_46
                0x00000be4                __bad_interrupt
                0x00000be4                __vector_6
                0x00000be4                __vector_31
                0x00000be4                __vector_35
                0x00000be4                __vector_39
                0x00000be4                __vector_3
                0x00000be4                __vector_23
                0x00000be4                __vector_30
                0x00000be4                __vector_45
                0x00000be4                __vector_25
                0x00000be4                __vector_11
                0x00000be4                __vector_17
                0x00000be4                __vector_19
                0x00000be4                __vector_7
                0x00000be4                __vector_49
                0x00000be4                __vector_41
                0x00000be4                __vector_43
                0x00000be4                __vector_27
                0x00000be4                __vector_5
                0x00000be4                __vector_33
                0x00000be4                __vector_47
                0x00000be4                __vector_4
                0x00000be4                __vector_44
                0x00000be4                __vector_9
                0x00000be4                __vector_2
                0x00000be4                __vector_15
                0x00000be4                __vector_29
                0x00000be4                __vector_40
                0x00000be4                __vector_8
                0x00000be4                __vector_26
                0x00000be4                __vector_48
                0x00000be4                __vector_14
                0x00000be4                __vector_10
                0x00000be4                __vector_50
                0x00000be4                __vector_16
                0x00000be4                __vector_18
                0x00000be4                __vector_20
                0x00000be4                __vector_42
                0x00000be6                . = ALIGN (0x2)
 *(.text.*)
 .text.cli_poll
                0x00000be6       0xb4 cli.o
                0x00000be6                cli_poll
 .text.dial_poll
                0x00000c9a       0xba dial.o
                0x00000c9a                dial_poll
 .text.dial_init
                0x00000d54       0x12 dial.o
                0x00000d54                dial_init
 .text.display_init
                0x00000d66        0x2 display.o
                0x00000d66                display_init
 .text.display_puts
                0x00000d68        0x2 display.o
                0x00000d68                display_puts
 .text.display_update
                0x00000d6a        0x2 display.o
                0x00000d6a                display_update
 .text.u8x8_avr_delay
                0x00000d6c       0x76 display_oled.o
                0x00000d6c                u8x8_avr_delay
 .text.u8x8_avr_gpio_and_delay
                0x00000de2       0x7e display_oled.o
                0x00000de2                u8x8_avr_gpio_and_delay
 .text._oled_display_speed
                0x00000e60       0x6a display_oled.o
                0x00000e60                _oled_display_speed
 .text._oled_display_pressure
                0x00000eca       0x6a display_oled.o
                0x00000eca                _oled_display_pressure
 .text.oled_display_update
                0x00000f34      0x12a display_oled.o
                0x00000f34                oled_display_update
 .text.oled_display_puts
                0x0000105e        0xc display_oled.o
                0x0000105e                oled_display_puts
 .text.oled_display_init
                0x0000106a       0x5c display_oled.o
                0x0000106a                oled_display_init
 .text.flash_send_byte
                0x000010c6       0x18 flash.o
 .text.flash_read_byte
                0x000010de       0x16 flash.o
 .text.flash_init
                0x000010f4       0x42 flash.o
                0x000010f4                flash_init
 .text.is_numeric
                0x00001136       0x22 g_code.o
 .text.gcode_char
                0x00001158      0x274 g_code.o
                0x00001158                gcode_char
 .text.hpgl_init
                0x000013cc        0xc hpgl.o
                0x000013cc                hpgl_init
 .text.hpgl_char
                0x000013d8      0x4f4 hpgl.o
                0x000013d8                hpgl_char
 .text.keypad_write_cols
                0x000018cc       0x1e keypad.o
 .text.keypad_stop_pressed
                0x000018ea        0x8 keypad.o
                0x000018ea                keypad_stop_pressed
 .text.keypad_scan
                0x000018f2       0x96 keypad.o
                0x000018f2                keypad_scan
 .text.keypadSet_Speed_state
                0x00001988        0xe keypad.o
                0x00001988                keypadSet_Speed_state
 .text.keypadSet_Pressure_state
                0x00001996        0xe keypad.o
                0x00001996                keypadSet_Pressure_state
 .text._beep    0x000019a4       0x48 keypad.o
                0x000019a4                _beep
 .text.keypad_poll
                0x000019ec      0x24c keypad.o
                0x000019ec                keypad_poll
 .text.keypad_init
                0x00001c38       0x1a keypad.o
                0x00001c38                keypad_init
 .text.setup    0x00001c52       0x24 main.o
                0x00001c52                setup
 .text.startup.main
                0x00001c76       0x28 main.o
                0x00001c76                main
 .text.translate_init
                0x00001c9e       0x82 scale.o
                0x00001c9e                translate_init
 .text.translate_scale
                0x00001d20      0x1e6 scale.o
                0x00001d20                translate_scale
 .text.serial_get_rx_buffer_count
                0x00001f06       0x12 serial.o
                0x00001f06                serial_get_rx_buffer_count
 .text.serial_init
                0x00001f18       0x2c serial.o
                0x00001f18                serial_init
 .text.serial_write
                0x00001f44       0x2e serial.o
                0x00001f44                serial_write
 .text.__vector_37
                0x00001f72       0x84 serial.o
                0x00001f72                __vector_37
 .text.serial_read
                0x00001ff6       0x4e serial.o
                0x00001ff6                serial_read
 .text.__vector_36
                0x00002044       0x90 serial.o
                0x00002044                __vector_36
 .text.alloc_cmd
                0x000020d4       0x2a stepper.o
 .text.stepper_jogRelative
                0x000020fe       0x58 stepper.o
 .text.stepper_set_origin00
                0x00002156       0x46 stepper.o
                0x00002156                stepper_set_origin00
 .text.stepper_off
                0x0000219c        0x6 stepper.o
                0x0000219c                stepper_off
 .text.stepper_draw
                0x000021a2       0x56 stepper.o
                0x000021a2                stepper_draw
 .text.stepper_move
                0x000021f8       0x5a stepper.o
                0x000021f8                stepper_move
 .text.stepper_jog_manual
                0x00002252       0x80 stepper.o
                0x00002252                stepper_jog_manual
 .text.stepper_load_paper
                0x000022d2       0x3e stepper.o
                0x000022d2                stepper_load_paper
 .text.stepper_unload_paper
                0x00002310       0x20 stepper.o
                0x00002310                stepper_unload_paper
 .text.pen_up   0x00002330       0x14 stepper.o
                0x00002330                pen_up
 .text.stepper_home
                0x00002344       0x30 stepper.o
                0x00002344                stepper_home
 .text.pen_down
                0x00002374       0x2e stepper.o
                0x00002374                pen_down
 .text.do_next_command
                0x000023a2      0x18c stepper.o
                0x000023a2                do_next_command
 .text.stepper_tick
                0x0000252e      0x1f8 stepper.o
                0x0000252e                stepper_tick
 .text.stepper_init
                0x00002726        0xe stepper.o
                0x00002726                stepper_init
 .text.__vector_13
                0x00002734       0x4c timer.o
                0x00002734                __vector_13
 .text.__vector_21
                0x00002780       0x4e timer.o
                0x00002780                __vector_21
 .text.beeper_on
                0x000027ce       0x3c timer.o
                0x000027ce                beeper_on
 .text.beeper_off
                0x0000280a        0x4 timer.o
                0x0000280a                beeper_off
 .text.usleep   0x0000280e       0x20 timer.o
                0x0000280e                usleep
 .text.msleep   0x0000282e       0x1a timer.o
                0x0000282e                msleep
 .text.timer_get_stepper_speed
                0x00002848        0xa timer.o
                0x00002848                timer_get_stepper_speed
 .text.beep     0x00002852        0xe timer.o
                0x00002852                beep
 .text.timer_set_stepper_speed
                0x00002860       0x3e timer.o
                0x00002860                timer_set_stepper_speed
 .text.timer_get_pen_pressure
                0x0000289e        0xa timer.o
                0x0000289e                timer_get_pen_pressure
 .text.timer_set_pen_pressure
                0x000028a8       0x3c timer.o
                0x000028a8                timer_set_pen_pressure
 .text.timer_init
                0x000028e4       0x4a timer.o
                0x000028e4                timer_init
 .text.usb_puts
                0x0000292e       0x16 usb.o
                0x0000292e                usb_puts
 .text.usb_getc
                0x00002944        0x2 usb.o
                0x00002944                usb_getc
 .text.usb_init
                0x00002946        0x2 usb.o
                0x00002946                usb_init
 .text.avr-libc.fplib
                0x00002948        0x8 c:/program files (x86)/atmel/studio/7.0/toolchain/avr8/avr8-gnu-toolchain/bin/../lib/gcc/avr/5.4.0/../../../../avr/lib/avr51\libm.a(cmpsf2.o)
                0x00002948                __nesf2
                0x00002948                __eqsf2
                0x00002948                __cmpsf2
                0x00002948                __ltsf2
                0x00002948                __lesf2
 .text.avr-libc.fplib
                0x00002950        0x4 c:/program files (x86)/atmel/studio/7.0/toolchain/avr8/avr8-gnu-toolchain/bin/../lib/gcc/avr/5.4.0/../../../../avr/lib/avr51\libm.a(divsf3.o)
                0x00002950                __divsf3
 .text.avr-libc.fplib
                0x00002954       0xcc c:/program files (x86)/atmel/studio/7.0/toolchain/avr8/avr8-gnu-toolchain/bin/../lib/gcc/avr/5.4.0/../../../../avr/lib/avr51\libm.a(divsf3x.o)
                0x0000296a                __divsf3x
                0x0000296e                __divsf3_pse
 .text.avr-libc.fplib
                0x00002a20        0xa c:/program files (x86)/atmel/studio/7.0/toolchain/avr8/avr8-gnu-toolchain/bin/../lib/gcc/avr/5.4.0/../../../../avr/lib/avr51\libm.a(fixsfsi.o)
                0x00002a20                __fixsfsi
 .text.avr-libc.fplib
                0x00002a2a       0x58 c:/program files (x86)/atmel/studio/7.0/toolchain/avr8/avr8-gnu-toolchain/bin/../lib/gcc/avr/5.4.0/../../../../avr/lib/avr51\libm.a(fixunssfsi.o)
                0x00002a2a                __fixunssfsi
 .text.avr-libc.fplib
                0x00002a82       0x7a c:/program files (x86)/atmel/studio/7.0/toolchain/avr8/avr8-gnu-toolchain/bin/../lib/gcc/avr/5.4.0/../../../../avr/lib/avr51\libm.a(floatsisf.o)
                0x00002a82                __floatunsisf
                0x00002a86                __floatsisf
 .text.avr-libc.fplib
                0x00002afc       0x48 c:/program files (x86)/atmel/studio/7.0/toolchain/avr8/avr8-gnu-toolchain/bin/../lib/gcc/avr/5.4.0/../../../../avr/lib/avr51\libm.a(fp_cmp.o)
                0x00002afc                __fp_cmp
 .text.avr-libc.fplib
                0x00002b44        0xc c:/program files (x86)/atmel/studio/7.0/toolchain/avr8/avr8-gnu-toolchain/bin/../lib/gcc/avr/5.4.0/../../../../avr/lib/avr51\libm.a(fp_inf.o)
                0x00002b44                __fp_inf
 .text.avr-libc.fplib
                0x00002b50        0x6 c:/program files (x86)/atmel/studio/7.0/toolchain/avr8/avr8-gnu-toolchain/bin/../lib/gcc/avr/5.4.0/../../../../avr/lib/avr51\libm.a(fp_nan.o)
                0x00002b50                __fp_nan
 .text.avr-libc.fplib
                0x00002b56        0xe c:/program files (x86)/atmel/studio/7.0/toolchain/avr8/avr8-gnu-toolchain/bin/../lib/gcc/avr/5.4.0/../../../../avr/lib/avr51\libm.a(fp_pscA.o)
                0x00002b56                __fp_pscA
 .text.avr-libc.fplib
                0x00002b64        0xe c:/program files (x86)/atmel/studio/7.0/toolchain/avr8/avr8-gnu-toolchain/bin/../lib/gcc/avr/5.4.0/../../../../avr/lib/avr51\libm.a(fp_pscB.o)
                0x00002b64                __fp_pscB
 .text.avr-libc.fplib
                0x00002b72       0x22 c:/program files (x86)/atmel/studio/7.0/toolchain/avr8/avr8-gnu-toolchain/bin/../lib/gcc/avr/5.4.0/../../../../avr/lib/avr51\libm.a(fp_round.o)
                0x00002b72                __fp_round
 .text.avr-libc.fplib
                0x00002b94       0x44 c:/program files (x86)/atmel/studio/7.0/toolchain/avr8/avr8-gnu-toolchain/bin/../lib/gcc/avr/5.4.0/../../../../avr/lib/avr51\libm.a(fp_split3.o)
                0x00002b94                __fp_split3
                0x00002ba4                __fp_splitA
 .text.avr-libc.fplib
                0x00002bd8        0xe c:/program files (x86)/atmel/studio/7.0/toolchain/avr8/avr8-gnu-toolchain/bin/../lib/gcc/avr/5.4.0/../../../../avr/lib/avr51\libm.a(fp_zero.o)
                0x00002bd8                __fp_zero
                0x00002bda                __fp_szero
 .text.avr-libc.fplib
                0x00002be6        0x4 c:/program files (x86)/atmel/studio/7.0/toolchain/avr8/avr8-gnu-toolchain/bin/../lib/gcc/avr/5.4.0/../../../../avr/lib/avr51\libm.a(mulsf3.o)
                0x00002be6                __mulsf3
 .text.avr-libc.fplib
                0x00002bea       0xc2 c:/program files (x86)/atmel/studio/7.0/toolchain/avr8/avr8-gnu-toolchain/bin/../lib/gcc/avr/5.4.0/../../../../avr/lib/avr51\libm.a(mulsf3x.o)
                0x00002bfe                __mulsf3x
                0x00002c02                __mulsf3_pse
 .text.avr-libc.fplib
                0x00002cac       0x40 c:/program files (x86)/atmel/studio/7.0/toolchain/avr8/avr8-gnu-toolchain/bin/../lib/gcc/avr/5.4.0/../../../../avr/lib/avr51\libm.a(round.o)
                0x00002cac                round
 .text.avr-libc.fplib
                0x00002cec       0x36 c:/program files (x86)/atmel/studio/7.0/toolchain/avr8/avr8-gnu-toolchain/bin/../lib/gcc/avr/5.4.0/../../../../avr/lib/avr51\libm.a(fp_mintl.o)
                0x00002cec                __fp_mintl
 .text.avr-libc.fplib
                0x00002d22       0x1c c:/program files (x86)/atmel/studio/7.0/toolchain/avr8/avr8-gnu-toolchain/bin/../lib/gcc/avr/5.4.0/../../../../avr/lib/avr51\libm.a(fp_mpack.o)
                0x00002d22                __fp_mpack
                0x00002d26                __fp_mpack_finite
 .text.u8x8_ascii_next
                0x00002d3e       0x14 ../u8x8/Release\libu8x8.a(u8x8_8x8.o)
                0x00002d3e                u8x8_ascii_next
 .text.u8x8_SetFont
                0x00002d52        0x8 ../u8x8/Release\libu8x8.a(u8x8_8x8.o)
                0x00002d52                u8x8_SetFont
 .text.u8x8_get_glyph_data
                0x00002d5a       0x9c ../u8x8/Release\libu8x8.a(u8x8_8x8.o)
                0x00002d5a                u8x8_get_glyph_data
 .text.u8x8_DrawGlyph
                0x00002df6       0xb8 ../u8x8/Release\libu8x8.a(u8x8_8x8.o)
                0x00002df6                u8x8_DrawGlyph
 .text.u8x8_draw_string
                0x00002eae       0x74 ../u8x8/Release\libu8x8.a(u8x8_8x8.o)
 .text.u8x8_DrawString
                0x00002f22       0x10 ../u8x8/Release\libu8x8.a(u8x8_8x8.o)
                0x00002f22                u8x8_DrawString
 .text.u8x8_byte_SetDC
                0x00002f32       0x14 ../u8x8/Release\libu8x8.a(u8x8_byte.o)
                0x00002f32                u8x8_byte_SetDC
 .text.u8x8_byte_SendBytes
                0x00002f46       0x12 ../u8x8/Release\libu8x8.a(u8x8_byte.o)
                0x00002f46                u8x8_byte_SendBytes
 .text.u8x8_byte_SendByte
                0x00002f58       0x1e ../u8x8/Release\libu8x8.a(u8x8_byte.o)
                0x00002f58                u8x8_byte_SendByte
 .text.u8x8_byte_4wire_sw_spi
                0x00002f76      0x108 ../u8x8/Release\libu8x8.a(u8x8_byte.o)
                0x00002f76                u8x8_byte_4wire_sw_spi
 .text.u8x8_cad_SendCmd
                0x0000307e       0x14 ../u8x8/Release\libu8x8.a(u8x8_cad.o)
                0x0000307e                u8x8_cad_SendCmd
 .text.u8x8_cad_SendArg
                0x00003092       0x14 ../u8x8/Release\libu8x8.a(u8x8_cad.o)
                0x00003092                u8x8_cad_SendArg
 .text.u8x8_cad_SendData
                0x000030a6       0x12 ../u8x8/Release\libu8x8.a(u8x8_cad.o)
                0x000030a6                u8x8_cad_SendData
 .text.u8x8_cad_StartTransfer
                0x000030b8       0x14 ../u8x8/Release\libu8x8.a(u8x8_cad.o)
                0x000030b8                u8x8_cad_StartTransfer
 .text.u8x8_cad_EndTransfer
                0x000030cc       0x14 ../u8x8/Release\libu8x8.a(u8x8_cad.o)
                0x000030cc                u8x8_cad_EndTransfer
 .text.u8x8_cad_SendSequence
                0x000030e0       0x98 ../u8x8/Release\libu8x8.a(u8x8_cad.o)
                0x000030e0                u8x8_cad_SendSequence
 .text.u8x8_cad_001
                0x00003178       0x6c ../u8x8/Release\libu8x8.a(u8x8_cad.o)
                0x00003178                u8x8_cad_001
 .text.u8x8_d_helper_display_setup_memory
                0x000031e4       0x10 ../u8x8/Release\libu8x8.a(u8x8_display.o)
                0x000031e4                u8x8_d_helper_display_setup_memory
 .text.u8x8_d_helper_display_init
                0x000031f4       0x64 ../u8x8/Release\libu8x8.a(u8x8_display.o)
                0x000031f4                u8x8_d_helper_display_init
 .text.u8x8_DrawTile
                0x00003258       0x46 ../u8x8/Release\libu8x8.a(u8x8_display.o)
                0x00003258                u8x8_DrawTile
 .text.u8x8_SetupMemory
                0x0000329e       0x14 ../u8x8/Release\libu8x8.a(u8x8_display.o)
                0x0000329e                u8x8_SetupMemory
 .text.u8x8_InitDisplay
                0x000032b2       0x14 ../u8x8/Release\libu8x8.a(u8x8_display.o)
                0x000032b2                u8x8_InitDisplay
 .text.u8x8_SetPowerSave
                0x000032c6       0x14 ../u8x8/Release\libu8x8.a(u8x8_display.o)
                0x000032c6                u8x8_SetPowerSave
 .text.u8x8_SetFlipMode
                0x000032da       0x14 ../u8x8/Release\libu8x8.a(u8x8_display.o)
                0x000032da                u8x8_SetFlipMode
 .text.u8x8_ClearDisplayWithTile
                0x000032ee       0x6e ../u8x8/Release\libu8x8.a(u8x8_display.o)
                0x000032ee                u8x8_ClearDisplayWithTile
 .text.u8x8_ClearDisplay
                0x0000335c       0x38 ../u8x8/Release\libu8x8.a(u8x8_display.o)
                0x0000335c                u8x8_ClearDisplay
 .text.u8x8_d_ssd1325_128x64_generic
                0x00003394      0x18c ../u8x8/Release\libu8x8.a(u8x8_d_ssd1325.o)
 .text.u8x8_d_ssd1325_nhd_128x64
                0x00003520       0x56 ../u8x8/Release\libu8x8.a(u8x8_d_ssd1325.o)
                0x00003520                u8x8_d_ssd1325_nhd_128x64
 .text.u8x8_gpio_call
                0x00003576       0x10 ../u8x8/Release\libu8x8.a(u8x8_gpio.o)
                0x00003576                u8x8_gpio_call
 .text.u8x8_dummy_cb
                0x00003586        0x4 ../u8x8/Release\libu8x8.a(u8x8_setup.o)
                0x00003586                u8x8_dummy_cb
 .text.u8x8_SetupDefaults
                0x0000358a       0x2e ../u8x8/Release\libu8x8.a(u8x8_setup.o)
                0x0000358a                u8x8_SetupDefaults
 .text.u8x8_Setup
                0x000035b8       0x46 ../u8x8/Release\libu8x8.a(u8x8_setup.o)
                0x000035b8                u8x8_Setup
 .text.libgcc.div
                0x000035fe       0x28 c:/program files (x86)/atmel/studio/7.0/toolchain/avr8/avr8-gnu-toolchain/bin/../lib/gcc/avr/5.4.0/avr51\libgcc.a(_udivmodhi4.o)
                0x000035fe                __udivmodhi4
 .text.libgcc.div
                0x00003626       0x26 c:/program files (x86)/atmel/studio/7.0/toolchain/avr8/avr8-gnu-toolchain/bin/../lib/gcc/avr/5.4.0/avr51\libgcc.a(_divmodhi4.o)
                0x00003626                _div
                0x00003626                __divmodhi4
 .text.libgcc.div
                0x0000364c       0x44 c:/program files (x86)/atmel/studio/7.0/toolchain/avr8/avr8-gnu-toolchain/bin/../lib/gcc/avr/5.4.0/avr51\libgcc.a(_udivmodsi4.o)
                0x0000364c                __udivmodsi4
 .text.libgcc   0x00003690       0x12 c:/program files (x86)/atmel/studio/7.0/toolchain/avr8/avr8-gnu-toolchain/bin/../lib/gcc/avr/5.4.0/avr51\libgcc.a(_tablejump2.o)
                0x00003690                __tablejump2__
 .text.libgcc.mul
                0x000036a2       0x1e c:/program files (x86)/atmel/studio/7.0/toolchain/avr8/avr8-gnu-toolchain/bin/../lib/gcc/avr/5.4.0/avr51\libgcc.a(_umulhisi3.o)
                0x000036a2                __umulhisi3
 .text.avr-libc
                0x000036c0        0x6 c:/program files (x86)/atmel/studio/7.0/toolchain/avr8/avr8-gnu-toolchain/bin/../lib/gcc/avr/5.4.0/../../../../avr/lib/avr51\libc.a(atof.o)
                0x000036c0                atof
 .text.avr-libc
                0x000036c6       0x3a c:/program files (x86)/atmel/studio/7.0/toolchain/avr8/avr8-gnu-toolchain/bin/../lib/gcc/avr/5.4.0/../../../../avr/lib/avr51\libc.a(atoi.o)
                0x000036c6                atoi
 .text.avr-libc
                0x00003700        0xe c:/program files (x86)/atmel/studio/7.0/toolchain/avr8/avr8-gnu-toolchain/bin/../lib/gcc/avr/5.4.0/../../../../avr/lib/avr51\libc.a(strcpy.o)
                0x00003700                strcpy
 .text.avr-libc
                0x0000370e       0x1e c:/program files (x86)/atmel/studio/7.0/toolchain/avr8/avr8-gnu-toolchain/bin/../lib/gcc/avr/5.4.0/../../../../avr/lib/avr51\libc.a(strncpy.o)
                0x0000370e                strncpy
 .text.avr-libc
                0x0000372c       0x10 c:/program files (x86)/atmel/studio/7.0/toolchain/avr8/avr8-gnu-toolchain/bin/../lib/gcc/avr/5.4.0/../../../../avr/lib/avr51\libc.a(mul10.o)
                0x0000372c                __mulhi_const_10
 .text.avr-libc
                0x0000373c       0x4e c:/program files (x86)/atmel/studio/7.0/toolchain/avr8/avr8-gnu-toolchain/bin/../lib/gcc/avr/5.4.0/../../../../avr/lib/avr51\libc.a(printf_p.o)
                0x0000373c                printf_P
 .text.avr-libc
                0x0000378a       0x5c c:/program files (x86)/atmel/studio/7.0/toolchain/avr8/avr8-gnu-toolchain/bin/../lib/gcc/avr/5.4.0/../../../../avr/lib/avr51\libc.a(sprintf.o)
                0x0000378a                sprintf
 .text.avr-libc
                0x000037e6       0x42 c:/program files (x86)/atmel/studio/7.0/toolchain/avr8/avr8-gnu-toolchain/bin/../lib/gcc/avr/5.4.0/../../../../avr/lib/avr51\libc.a(sscanf_p.o)
                0x000037e6                sscanf_P
 .text.avr-libc
                0x00003828      0x3fa c:/program files (x86)/atmel/studio/7.0/toolchain/avr8/avr8-gnu-toolchain/bin/../lib/gcc/avr/5.4.0/../../../../avr/lib/avr51\libc.a(vfprintf_std.o)
                0x00003828                vfprintf
 .text.avr-libc
                0x00003c22      0x592 c:/program files (x86)/atmel/studio/7.0/toolchain/avr8/avr8-gnu-toolchain/bin/../lib/gcc/avr/5.4.0/../../../../avr/lib/avr51\libc.a(vfscanf_std.o)
                0x00003f86                vfscanf
 .text.avr-libc
                0x000041b4      0x2ae c:/program files (x86)/atmel/studio/7.0/toolchain/avr8/avr8-gnu-toolchain/bin/../lib/gcc/avr/5.4.0/../../../../avr/lib/avr51\libc.a(strtod.o)
                0x000041b4                strtod
 .text.avr-libc
                0x00004462       0x10 c:/program files (x86)/atmel/studio/7.0/toolchain/avr8/avr8-gnu-toolchain/bin/../lib/gcc/avr/5.4.0/../../../../avr/lib/avr51\libc.a(isspace.o)
                0x00004462                isspace
 .text.avr-libc
                0x00004472       0x16 c:/program files (x86)/atmel/studio/7.0/toolchain/avr8/avr8-gnu-toolchain/bin/../lib/gcc/avr/5.4.0/../../../../avr/lib/avr51\libc.a(strchr_P.o)
                0x00004472                strchr_P
 .text.avr-libc
                0x00004488       0x30 c:/program files (x86)/atmel/studio/7.0/toolchain/avr8/avr8-gnu-toolchain/bin/../lib/gcc/avr/5.4.0/../../../../avr/lib/avr51\libc.a(strncasecmp_P.o)
                0x00004488                strncasecmp_P
 .text.avr-libc
                0x000044b8       0x16 c:/program files (x86)/atmel/studio/7.0/toolchain/avr8/avr8-gnu-toolchain/bin/../lib/gcc/avr/5.4.0/../../../../avr/lib/avr51\libc.a(strnlen_P.o)
                0x000044b8                strnlen_P
 .text.avr-libc
                0x000044ce       0x16 c:/program files (x86)/atmel/studio/7.0/toolchain/avr8/avr8-gnu-toolchain/bin/../lib/gcc/avr/5.4.0/../../../../avr/lib/avr51\libc.a(strnlen.o)
                0x000044ce                strnlen
 .text.avr-libc
                0x000044e4       0x7c c:/program files (x86)/atmel/studio/7.0/toolchain/avr8/avr8-gnu-toolchain/bin/../lib/gcc/avr/5.4.0/../../../../avr/lib/avr51\libc.a(fgetc.o)
                0x000044e4                fgetc
 .text.avr-libc
                0x00004560       0x78 c:/program files (x86)/atmel/studio/7.0/toolchain/avr8/avr8-gnu-toolchain/bin/../lib/gcc/avr/5.4.0/../../../../avr/lib/avr51\libc.a(fputc.o)
                0x00004560                fputc
 .text.avr-libc
                0x000045d8       0x32 c:/program files (x86)/atmel/studio/7.0/toolchain/avr8/avr8-gnu-toolchain/bin/../lib/gcc/avr/5.4.0/../../../../avr/lib/avr51\libc.a(ungetc.o)
                0x000045d8                ungetc
 .text.avr-libc
                0x0000460a       0xbc c:/program files (x86)/atmel/studio/7.0/toolchain/avr8/avr8-gnu-toolchain/bin/../lib/gcc/avr/5.4.0/../../../../avr/lib/avr51\libc.a(ultoa_invert.o)
                0x0000460a                __ultoa_invert
 .text.avr-libc
                0x000046c6        0x6 c:/program files (x86)/atmel/studio/7.0/toolchain/avr8/avr8-gnu-toolchain/bin/../lib/gcc/avr/5.4.0/../../../../avr/lib/avr51\libc.a(cty_isfalse.o)
                0x000046c6                __ctype_isfalse
                0x000046ca                __ctype_istrue
 .text.libgcc.mul
                0x000046cc       0x16 c:/program files (x86)/atmel/studio/7.0/toolchain/avr8/avr8-gnu-toolchain/bin/../lib/gcc/avr/5.4.0/avr51\libgcc.a(_muluhisi3.o)
                0x000046cc                __muluhisi3
                0x000046e2                . = ALIGN (0x2)
 *(.fini9)
 .fini9         0x000046e2        0x0 c:/program files (x86)/atmel/studio/7.0/toolchain/avr8/avr8-gnu-toolchain/bin/../lib/gcc/avr/5.4.0/avr51\libgcc.a(_exit.o)
                0x000046e2                _exit
                0x000046e2                exit
 *(.fini9)
 *(.fini8)
 *(.fini8)
 *(.fini7)
 *(.fini7)
 *(.fini6)
 *(.fini6)
 *(.fini5)
 *(.fini5)
 *(.fini4)
 *(.fini4)
 *(.fini3)
 *(.fini3)
 *(.fini2)
 *(.fini2)
 *(.fini1)
 *(.fini1)
 *(.fini0)
 .fini0         0x000046e2        0x4 c:/program files (x86)/atmel/studio/7.0/toolchain/avr8/avr8-gnu-toolchain/bin/../lib/gcc/avr/5.4.0/avr51\libgcc.a(_exit.o)
 *(.fini0)
                0x000046e6                _etext = .

.data           0x00800200      0x182 load address 0x000046e6
                0x00800200                PROVIDE (__data_start, .)
 *(.data)
 *(.data*)
 .data.pageSize
                0x00800200        0x2 flash.o
 .data.Scale_Inch.2178
                0x00800202        0x1 g_code.o
 .data.State.2176
                0x00800203        0x1 g_code.o
 .data.cmd.2165
                0x00800204        0x1 hpgl.o
 .data.Lang     0x00800205        0x1 keypad.o
                0x00800205                Lang
 .data.sound_mode
                0x00800206        0x1 keypad.o
 .data.flow_ctrl
                0x00800207        0x1 serial.o
                0x00800207                flow_ctrl
 .data.motor_off_delay
                0x00800208        0x2 stepper.o
 .data.loc_y    0x0080020a        0x2 stepper.o
 .data.loc_x    0x0080020c        0x2 stepper.o
 .data.count_25Hz
                0x0080020e        0x1 timer.o
 .data.count_Hz
                0x0080020f        0x1 timer.o
 *(.gnu.linkonce.d*)
 *(.rodata)
 *(.rodata*)
 .rodata.str1.1
                0x00800210       0x1c display_oled.o
 .rodata.str1.1
                0x0080022c       0xa7 keypad.o
 .rodata.str1.1
                0x008002d3       0x17 main.o
 .rodata.StepperPhaseTable
                0x008002ea       0x10 stepper.o
 .rodata.u8x8_nhd_ssd1325_128x64_display_info
                0x008002fa       0x18 ../u8x8/Release\libu8x8.a(u8x8_d_ssd1325.o)
 .rodata.u8x8_d_ssd1325_128x64_nhd_init_seq
                0x00800312       0x57 ../u8x8/Release\libu8x8.a(u8x8_d_ssd1325.o)
 .rodata.u8x8_d_ssd1325_128x64_nhd_flip1_seq
                0x00800369        0x7 ../u8x8/Release\libu8x8.a(u8x8_d_ssd1325.o)
 .rodata.u8x8_d_ssd1325_128x64_nhd_flip0_seq
                0x00800370        0x7 ../u8x8/Release\libu8x8.a(u8x8_d_ssd1325.o)
 .rodata.u8x8_d_ssd1325_128x64_nhd_powersave1_seq
                0x00800377        0x5 ../u8x8/Release\libu8x8.a(u8x8_d_ssd1325.o)
 .rodata.u8x8_d_ssd1325_128x64_nhd_powersave0_seq
                0x0080037c        0x5 ../u8x8/Release\libu8x8.a(u8x8_d_ssd1325.o)
 *(.gnu.linkonce.r*)
                0x00800382                . = ALIGN (0x2)
 *fill*         0x00800381        0x1 
                0x00800382                _edata = .
                0x00800382                PROVIDE (__data_end, .)

.bss            0x00800382      0x2ed
                0x00800382                PROVIDE (__bss_start, .)
 *(.bss)
 *(.bss*)
 .bss.queued.1973
                0x00800382        0x1 dial.o
 .bss.dial_adc  0x00800383        0x3 dial.o
 .bss.pvars     0x00800386        0x3 dial.o
 .bss.channel   0x00800389        0x1 dial.o
 .bss.cur_y     0x0080038a        0x1 display_oled.o
 .bss.cur_x     0x0080038b        0x1 display_oled.o
 .bss.pageBits  0x0080038c        0x1 flash.o
 .bss.new_pos.2179
                0x0080038d        0x2 g_code.o
 .bss.pen_down.2177
                0x0080038f        0x1 g_code.o
 .bss.tmp_ndx.2175
                0x00800390        0x1 g_code.o
 .bss.dy        0x00800391        0x2 g_code.o
                0x00800391                dy
 .bss.dx        0x00800393        0x2 g_code.o
                0x00800393                dx
 .bss.fy.2167   0x00800395        0x2 hpgl.o
 .bss.fx.2166   0x00800397        0x2 hpgl.o
 .bss.i.2162    0x00800399        0x1 hpgl.o
 .bss.numpad_idx.2164
                0x0080039a        0x1 hpgl.o
 .bss.si.2163   0x0080039b        0x1 hpgl.o
 .bss.k_state   0x0080039c        0x2 keypad.o
 .bss.leds      0x0080039e        0x2 keypad.o
 .bss.keypad_prev
                0x008003a0       0x18 keypad.o
 .bss.keypad_state
                0x008003b8       0x18 keypad.o
 .bss.user_yscale
                0x008003d0        0x4 scale.o
 .bss.user_xscale
                0x008003d4        0x4 scale.o
 .bss.serial_tx_buffer_tail
                0x008003d8        0x1 serial.o
                0x008003d8                serial_tx_buffer_tail
 .bss.serial_tx_buffer_head
                0x008003d9        0x1 serial.o
                0x008003d9                serial_tx_buffer_head
 .bss.serial_rx_buffer_tail
                0x008003da        0x1 serial.o
                0x008003da                serial_rx_buffer_tail
 .bss.serial_rx_buffer_head
                0x008003db        0x1 serial.o
                0x008003db                serial_rx_buffer_head
 .bss.cmd_tail  0x008003dc        0x1 stepper.o
 .bss.cmd_head  0x008003dd        0x1 stepper.o
 .bss.ActionState
                0x008003de        0x2 stepper.o
 .bss.step_delay
                0x008003e0        0x2 stepper.o
 .bss.b         0x008003e2        0xd stepper.o
 .bss.ofs_y     0x008003ef        0x2 stepper.o
 .bss.ofs_x     0x008003f1        0x2 stepper.o
 .bss.current_stepper_speed
                0x008003f3        0x2 timer.o
 .bss.current_pen_pressure
                0x008003f5        0x2 timer.o
 .bss.u8x8_ssd1325_8to32_dest_buf
                0x008003f7       0x20 ../u8x8/Release\libu8x8.a(u8x8_d_ssd1325.o)
 *(COMMON)
 COMMON         0x00800417       0x6e display_oled.o
                0x00800417                u8x8
                0x00800435                display_message
 COMMON         0x00800485        0x3 hpgl.o
                0x00800485                pstate
                0x00800486                etxchar
                0x00800487                nstate
 COMMON         0x00800488       0xc0 serial.o
                0x00800488                serial_tx_buffer
                0x008004c8                serial_rx_buffer
 COMMON         0x00800548       0x7d shvars.o
                0x00800548                borderflags
                0x00800549                sc_pad
                0x00800559                scratchpad
                0x00800599                numpad
                0x008005a9                ip_pad
                0x008005b9                stepper_loc
                0x008005bd                user_loc
 COMMON         0x008005c5       0xa0 stepper.o
                0x008005c5                cmd_queue
 COMMON         0x00800665        0x2 timer.o
                0x00800665                flag_Hz
                0x00800666                flag_25Hz
 COMMON         0x00800667        0x6 c:/program files (x86)/atmel/studio/7.0/toolchain/avr8/avr8-gnu-toolchain/bin/../lib/gcc/avr/5.4.0/../../../../avr/lib/avr51\libc.a(iob.o)
                0x00800667                __iob
 COMMON         0x0080066d        0x2 c:/program files (x86)/atmel/studio/7.0/toolchain/avr8/avr8-gnu-toolchain/bin/../lib/gcc/avr/5.4.0/../../../../avr/lib/avr51\libc.a(errno.o)
                0x0080066d                errno
                0x0080066f                PROVIDE (__bss_end, .)
                0x000046e6                __data_load_start = LOADADDR (.data)
                0x00004868                __data_load_end = (__data_load_start + SIZEOF (.data))

.noinit         0x0080066f        0x0
                [!provide]                PROVIDE (__noinit_start, .)
 *(.noinit*)
                [!provide]                PROVIDE (__noinit_end, .)
                0x0080066f                _end = .
                [!provide]                PROVIDE (__heap_start, .)

.eeprom         0x00810000        0x0
 *(.eeprom*)
                0x00810000                __eeprom_end = .

.fuse
 *(.fuse)
 *(.lfuse)
 *(.hfuse)
 *(.efuse)

.lock
 *(.lock*)

.signature
 *(.signature*)

.user_signatures
 *(.user_signatures*)

.stab
 *(.stab)

.stabstr
 *(.stabstr)

.stab.excl
 *(.stab.excl)

.stab.exclstr
 *(.stab.exclstr)

.stab.index
 *(.stab.index)

.stab.indexstr
 *(.stab.indexstr)

.comment        0x00000000       0x5c
 *(.comment)
 .comment       0x00000000       0x30 cli.o
                                 0x31 (size before relaxing)
 .comment       0x00000030       0x31 dial.o
 .comment       0x00000030       0x31 display.o
 .comment       0x00000030       0x31 display_oled.o
 .comment       0x00000030       0x31 flash.o
 .comment       0x00000030       0x31 g_code.o
 .comment       0x00000030       0x31 hpgl.o
 .comment       0x00000030       0x31 keypad.o
 .comment       0x00000030       0x31 main.o
 .comment       0x00000030       0x31 scale.o
 .comment       0x00000030       0x31 serial.o
 .comment       0x00000030       0x31 shvars.o
 .comment       0x00000030       0x31 stepper.o
 .comment       0x00000030       0x31 timer.o
 .comment       0x00000030       0x31 usb.o
 .comment       0x00000030       0x31 ../u8x8/Release\libu8x8.a(u8x8_8x8.o)
 .comment       0x00000030       0x31 ../u8x8/Release\libu8x8.a(u8x8_byte.o)
 .comment       0x00000030       0x31 ../u8x8/Release\libu8x8.a(u8x8_cad.o)
 .comment       0x00000030       0x31 ../u8x8/Release\libu8x8.a(u8x8_display.o)
 .comment       0x00000030       0x31 ../u8x8/Release\libu8x8.a(u8x8_d_ssd1325.o)
 .comment       0x00000030       0x31 ../u8x8/Release\libu8x8.a(u8x8_fonts.o)
 .comment       0x00000030       0x31 ../u8x8/Release\libu8x8.a(u8x8_gpio.o)
 .comment       0x00000030       0x31 ../u8x8/Release\libu8x8.a(u8x8_setup.o)
 .comment       0x00000030       0x31 c:/program files (x86)/atmel/studio/7.0/toolchain/avr8/avr8-gnu-toolchain/bin/../lib/gcc/avr/5.4.0/../../../../avr/lib/avr51\libc.a(printf_p.o)
 .comment       0x00000030       0x31 c:/program files (x86)/atmel/studio/7.0/toolchain/avr8/avr8-gnu-toolchain/bin/../lib/gcc/avr/5.4.0/../../../../avr/lib/avr51\libc.a(sprintf.o)
 .comment       0x00000030       0x31 c:/program files (x86)/atmel/studio/7.0/toolchain/avr8/avr8-gnu-toolchain/bin/../lib/gcc/avr/5.4.0/../../../../avr/lib/avr51\libc.a(sscanf_p.o)
 .comment       0x00000030       0x2c c:/program files (x86)/atmel/studio/7.0/toolchain/avr8/avr8-gnu-toolchain/bin/../lib/gcc/avr/5.4.0/../../../../avr/lib/avr51\libc.a(vfprintf_std.o)
                                 0x2d (size before relaxing)
 .comment       0x0000005c       0x2d c:/program files (x86)/atmel/studio/7.0/toolchain/avr8/avr8-gnu-toolchain/bin/../lib/gcc/avr/5.4.0/../../../../avr/lib/avr51\libc.a(vfscanf_std.o)
 .comment       0x0000005c       0x31 c:/program files (x86)/atmel/studio/7.0/toolchain/avr8/avr8-gnu-toolchain/bin/../lib/gcc/avr/5.4.0/../../../../avr/lib/avr51\libc.a(strtod.o)
 .comment       0x0000005c       0x31 c:/program files (x86)/atmel/studio/7.0/toolchain/avr8/avr8-gnu-toolchain/bin/../lib/gcc/avr/5.4.0/../../../../avr/lib/avr51\libc.a(fgetc.o)
 .comment       0x0000005c       0x31 c:/program files (x86)/atmel/studio/7.0/toolchain/avr8/avr8-gnu-toolchain/bin/../lib/gcc/avr/5.4.0/../../../../avr/lib/avr51\libc.a(fputc.o)
 .comment       0x0000005c       0x31 c:/program files (x86)/atmel/studio/7.0/toolchain/avr8/avr8-gnu-toolchain/bin/../lib/gcc/avr/5.4.0/../../../../avr/lib/avr51\libc.a(iob.o)
 .comment       0x0000005c       0x31 c:/program files (x86)/atmel/studio/7.0/toolchain/avr8/avr8-gnu-toolchain/bin/../lib/gcc/avr/5.4.0/../../../../avr/lib/avr51\libc.a(ungetc.o)
 .comment       0x0000005c       0x2d c:/program files (x86)/atmel/studio/7.0/toolchain/avr8/avr8-gnu-toolchain/bin/../lib/gcc/avr/5.4.0/../../../../avr/lib/avr51\libc.a(errno.o)

.note.gnu.avr.deviceinfo
                0x00000000       0x40
 .note.gnu.avr.deviceinfo
                0x00000000       0x40 C:/Program Files (x86)/Atmel/Studio/7.0/Packs/atmel/ATmega_DFP/1.7.374/gcc/dev/atmega1281/avr51/crtatmega1281.o

.note.gnu.build-id
 *(.note.gnu.build-id)

.debug
 *(.debug)

.line
 *(.line)

.debug_srcinfo
 *(.debug_srcinfo)

.debug_sfnames
 *(.debug_sfnames)

.debug_aranges
 *(.debug_aranges)

.debug_pubnames
 *(.debug_pubnames)

.debug_info     0x00000000      0xa07
 *(.debug_info .gnu.linkonce.wi.*)
 .debug_info    0x00000000      0xa07 C:/Program Files (x86)/Atmel/Studio/7.0/Packs/atmel/ATmega_DFP/1.7.374/gcc/dev/atmega1281/avr51/crtatmega1281.o

.debug_abbrev   0x00000000      0x97c
 *(.debug_abbrev)
 .debug_abbrev  0x00000000      0x97c C:/Program Files (x86)/Atmel/Studio/7.0/Packs/atmel/ATmega_DFP/1.7.374/gcc/dev/atmega1281/avr51/crtatmega1281.o

.debug_line     0x00000000      0x1ca
 *(.debug_line .debug_line.* .debug_line_end)
 .debug_line    0x00000000      0x1ca C:/Program Files (x86)/Atmel/Studio/7.0/Packs/atmel/ATmega_DFP/1.7.374/gcc/dev/atmega1281/avr51/crtatmega1281.o

.debug_frame
 *(.debug_frame)

.debug_str      0x00000000      0x361
 *(.debug_str)
 .debug_str     0x00000000      0x361 C:/Program Files (x86)/Atmel/Studio/7.0/Packs/atmel/ATmega_DFP/1.7.374/gcc/dev/atmega1281/avr51/crtatmega1281.o

.debug_loc
 *(.debug_loc)

.debug_macinfo
 *(.debug_macinfo)

.debug_weaknames
 *(.debug_weaknames)

.debug_funcnames
 *(.debug_funcnames)

.debug_typenames
 *(.debug_typenames)

.debug_varnames
 *(.debug_varnames)

.debug_pubtypes
 *(.debug_pubtypes)

.debug_ranges
 *(.debug_ranges)

.debug_macro
 *(.debug_macro)
OUTPUT(FreeExpression_6_2.elf elf32-avr)
LOAD linker stubs
